 DeferredShadingMSAADEBUG

 Timestamp is 5816d8b0 (Mon Oct 31 13:37:52 2016)

 Preferred load address is 00400000

 Start         Length     Name                   Class
 0001:00000000 0000016dH .text$di                CODE
 0001:00000170 00014d3aH .text$mn                CODE
 0001:00014eb0 000007b4H .text$x                 CODE
 0001:00015670 0000003fH .text$yd                CODE
 0002:00000000 00000348H .idata$5                DATA
 0002:00000348 00000004H .CRT$XCA                DATA
 0002:0000034c 00000004H .CRT$XCAA               DATA
 0002:00000350 00000004H .CRT$XCL                DATA
 0002:00000354 00000040H .CRT$XCU                DATA
 0002:00000394 00000004H .CRT$XCZ                DATA
 0002:00000398 00000004H .CRT$XIA                DATA
 0002:0000039c 00000004H .CRT$XIAA               DATA
 0002:000003a0 00000004H .CRT$XIC                DATA
 0002:000003a4 00000004H .CRT$XIY                DATA
 0002:000003a8 00000004H .CRT$XIZ                DATA
 0002:000003b0 00001008H .rdata                  DATA
 0002:000013b8 0000007cH .rdata$debug            DATA
 0002:00001434 000005b4H .rdata$r                DATA
 0002:000019f0 000000b0H .rdata$sxdata           DATA
 0002:00001aa0 00000004H .rtc$IAA                DATA
 0002:00001aa4 00000004H .rtc$IZZ                DATA
 0002:00001aa8 00000004H .rtc$TAA                DATA
 0002:00001aac 00000004H .rtc$TZZ                DATA
 0002:00001ab0 00000d74H .xdata$x                DATA
 0002:00002824 00000000H .edata                  DATA
 0002:00002824 000000c8H .idata$2                DATA
 0002:000028ec 00000014H .idata$3                DATA
 0002:00002900 00000348H .idata$4                DATA
 0002:00002c48 00001720H .idata$6                DATA
 0003:00000000 0000002cH .data                   DATA
 0003:0000002c 00000358H .data$r                 DATA
 0003:00000388 0000056cH .bss                    DATA

  Address         Publics by Value              Rva+Base       Lib:Object

 0000:00000000       ___guard_flags             00000000     <absolute>
 0000:00000000       __except_list              00000000     <absolute>
 0000:00000000       ___guard_fids_count        00000000     <absolute>
 0000:00000000       ___guard_fids_table        00000000     <absolute>
 0000:0000002c       ___safe_se_handler_count   0000002c     <absolute>
 0000:00009876       __ldused                   00009876     <absolute>
 0000:00009876       __fltused                  00009876     <absolute>
 0000:00000000       ___ImageBase               00400000     <linker-defined>
 0001:00000170       ??0DeferredRendererController@@QAE@PAVCFirstPersonCamera@@H@Z 00401170 f   DeferredRenderer.obj
 0001:00000290       ?Render@DeferredRendererController@@UAEXPAUID3D11Device@@PAUID3D11DeviceContext@@PAUID3D11RenderTargetView@@PAUID3D11DepthStencilView@@@Z 00401290 f   DeferredRenderer.obj
 0001:00000bc0       ?DeviceCreated@DeferredRendererController@@UAEJPAUID3D11Device@@@Z 00401bc0 f   DeferredRenderer.obj
 0001:00001650       ?DeviceDestroyed@DeferredRendererController@@UAEXXZ 00402650 f   DeferredRenderer.obj
 0001:00001910       ?BackBufferResized@DeferredRendererController@@UAEXPAUID3D11Device@@PBUDXGI_SURFACE_DESC@@@Z 00402910 f   DeferredRenderer.obj
 0001:000019d0       ?ChangeConfig@DeferredRendererController@@QAEXPAUID3D11Device@@W4ComplexDetectApproach@@W4BRDF@@_N333@Z 004029d0 f   DeferredRenderer.obj
 0001:00001b00       ??$_Allocate@D@std@@YAPADIPAD@Z 00402b00 f i DeferredRenderer.obj
 0001:00001b40       ??$construct@PAUMaterial@@ABQAU1@@?$allocator_traits@V?$allocator@PAUMaterial@@@std@@@std@@SAXAAV?$allocator@PAUMaterial@@@1@PAPAUMaterial@@ABQAU3@@Z 00402b40 f i ObjMeshDX.obj
 0001:00001b40       ??$construct@PAVObjMeshDX@@ABQAV1@@?$allocator_traits@V?$allocator@PAVObjMeshDX@@@std@@@std@@SAXAAV?$allocator@PAVObjMeshDX@@@1@PAPAVObjMeshDX@@ABQAV3@@Z 00402b40 f i DeferredRenderer.obj
 0001:00001b40       ??$construct@HABH@?$allocator_traits@V?$allocator@H@std@@@std@@SAXAAV?$allocator@H@1@PAHABH@Z 00402b40 f i ObjMeshDX.obj
 0001:00001b40       ??$construct@KABK@?$allocator_traits@V?$allocator@K@std@@@std@@SAXAAV?$allocator@K@1@PAKABK@Z 00402b40 f i ObjMeshDX.obj
 0001:00001b60       ??$destroy@PA_W@?$_Wrap_alloc@V?$allocator@_W@std@@@std@@QAEXPAPA_W@Z 00402b60 f i DeferredShadingMSAA.obj
 0001:00001b60       ??$destroy@N@?$_Wrap_alloc@V?$allocator@U?$_List_node@NPAX@std@@@std@@@std@@QAEXPAN@Z 00402b60 f i DeferredShadingMSAA.obj
 0001:00001b60       ??$destroy@UD3DXVECTOR3@@@?$_Wrap_alloc@V?$allocator@UD3DXVECTOR3@@@std@@@std@@QAEXPAUD3DXVECTOR3@@@Z 00402b60 f i ObjMeshDX.obj
 0001:00001b60       ??$destroy@PAD@?$_Wrap_alloc@V?$allocator@D@std@@@std@@QAEXPAPAD@Z 00402b60 f i DeferredRenderer.obj
 0001:00001b60       ??$destroy@PAVIVisualController@@@?$_Wrap_alloc@V?$allocator@U?$_List_node@PAVIVisualController@@PAX@std@@@std@@@std@@QAEXPAPAVIVisualController@@@Z 00402b60 f i DeferredShadingMSAA.obj
 0001:00001b60       ??$destroy@PAU?$_List_node@PAVIVisualController@@PAX@std@@@?$_Wrap_alloc@V?$allocator@U?$_List_node@PAVIVisualController@@PAX@std@@@std@@@std@@QAEXPAPAU?$_List_node@PAVIVisualController@@PAX@1@@Z 00402b60 f i DeferredShadingMSAA.obj
 0001:00001b60       ??$destroy@PAU?$_List_node@NPAX@std@@@?$_Wrap_alloc@V?$allocator@U?$_List_node@NPAX@std@@@std@@@std@@QAEXPAPAU?$_List_node@NPAX@1@@Z 00402b60 f i DeferredShadingMSAA.obj
 0001:00001b60       ??$destroy@UMeshVertex@@@?$_Wrap_alloc@V?$allocator@UMeshVertex@@@std@@@std@@QAEXPAUMeshVertex@@@Z 00402b60 f i ObjMeshDX.obj
 0001:00001b60       ??$destroy@UD3DXVECTOR2@@@?$_Wrap_alloc@V?$allocator@UD3DXVECTOR2@@@std@@@std@@QAEXPAUD3DXVECTOR2@@@Z 00402b60 f i ObjMeshDX.obj
 0001:00001b60       ??$destroy@UMeshFace@@@?$_Wrap_alloc@V?$allocator@UMeshFace@@@std@@@std@@QAEXPAUMeshFace@@@Z 00402b60 f i ObjMeshDX.obj
 0001:00001b80       ??0?$_String_alloc@$0A@U?$_String_base_types@_WV?$allocator@_W@std@@@std@@@std@@QAE@ABV?$allocator@_W@1@@Z 00402b80 f i DeferredShadingMSAA.obj
 0001:00001b80       ??0?$_String_alloc@$0A@U?$_String_base_types@DV?$allocator@D@std@@@std@@@std@@QAE@ABV?$allocator@D@1@@Z 00402b80 f i DeferredRenderer.obj
 0001:00001ba0       ??0?$_Vector_alloc@$0A@U?$_Vec_base_types@PAUCacheEntry@@V?$allocator@PAUCacheEntry@@@std@@@std@@@std@@QAE@ABV?$allocator@PAUCacheEntry@@@1@@Z 00402ba0 f i ObjMeshDX.obj
 0001:00001ba0       ??0?$_Vector_alloc@$0A@U?$_Vec_base_types@UVertexFace@?3??ComputeVertexNormals@ObjMeshDX@@AAEXXZ@V?$allocator@UVertexFace@?3??ComputeVertexNormals@ObjMeshDX@@AAEXXZ@@std@@@std@@@std@@QAE@ABV?$allocator@UVertexFace@?3??ComputeVertexNormals@ObjMeshDX@@AAEXXZ@@1@@Z 00402ba0 f i ObjMeshDX.obj
 0001:00001ba0       ??0?$_Vector_alloc@$0A@U?$_Vec_base_types@KV?$allocator@K@std@@@std@@@std@@QAE@ABV?$allocator@K@1@@Z 00402ba0 f i ObjMeshDX.obj
 0001:00001ba0       ??0?$_Vector_alloc@$0A@U?$_Vec_base_types@PAVObjMeshDX@@V?$allocator@PAVObjMeshDX@@@std@@@std@@@std@@QAE@ABV?$allocator@PAVObjMeshDX@@@1@@Z 00402ba0 f i DeferredRenderer.obj
 0001:00001ba0       ??0?$_Vector_alloc@$0A@U?$_Vec_base_types@PAUMaterial@@V?$allocator@PAUMaterial@@@std@@@std@@@std@@QAE@ABV?$allocator@PAUMaterial@@@1@@Z 00402ba0 f i ObjMeshDX.obj
 0001:00001ba0       ??0?$_Vector_alloc@$0A@U?$_Vec_base_types@UD3DXVECTOR2@@V?$allocator@UD3DXVECTOR2@@@std@@@std@@@std@@QAE@ABV?$allocator@UD3DXVECTOR2@@@1@@Z 00402ba0 f i ObjMeshDX.obj
 0001:00001ba0       ??0?$_Vector_alloc@$0A@U?$_Vec_base_types@HV?$allocator@H@std@@@std@@@std@@QAE@ABV?$allocator@H@1@@Z 00402ba0 f i ObjMeshDX.obj
 0001:00001ba0       ??0?$_Vector_alloc@$0A@U?$_Vec_base_types@UMeshFace@@V?$allocator@UMeshFace@@@std@@@std@@@std@@QAE@ABV?$allocator@UMeshFace@@@1@@Z 00402ba0 f i ObjMeshDX.obj
 0001:00001ba0       ??0?$_Vector_alloc@$0A@U?$_Vec_base_types@UMeshVertex@@V?$allocator@UMeshVertex@@@std@@@std@@@std@@QAE@ABV?$allocator@UMeshVertex@@@1@@Z 00402ba0 f i ObjMeshDX.obj
 0001:00001ba0       ??0?$_Vector_alloc@$0A@U?$_Vec_base_types@UD3DXVECTOR3@@V?$allocator@UD3DXVECTOR3@@@std@@@std@@@std@@QAE@ABV?$allocator@UD3DXVECTOR3@@@1@@Z 00402ba0 f i ObjMeshDX.obj
 0001:00001bc0       ??0?$allocator@K@std@@QAE@XZ 00402bc0 f i ObjMeshDX.obj
 0001:00001bc0       ??0?$allocator@UMeshFace@@@std@@QAE@XZ 00402bc0 f i ObjMeshDX.obj
 0001:00001bc0       ??0D3DXVECTOR2@@QAE@XZ     00402bc0 f i ObjMeshDX.obj
 0001:00001bc0       ??0?$allocator@_W@std@@QAE@XZ 00402bc0 f i DeferredShadingMSAA.obj
 0001:00001bc0       ??0?$allocator@N@std@@QAE@XZ 00402bc0 f i DeferredShadingMSAA.obj
 0001:00001bc0       ??0?$allocator@PAVObjMeshDX@@@std@@QAE@XZ 00402bc0 f i DeferredRenderer.obj
 0001:00001bc0       ??0D3DXVECTOR3@@QAE@XZ     00402bc0 f i ObjMeshDX.obj
 0001:00001bc0       ??0?$allocator@UVertexFace@?3??ComputeVertexNormals@ObjMeshDX@@AAEXXZ@@std@@QAE@XZ 00402bc0 f i ObjMeshDX.obj
 0001:00001bc0       ??0D3DXMATRIX@@QAE@XZ      00402bc0 f i DeferredRenderer.obj
 0001:00001bc0       ??0?$allocator@UMeshVertex@@@std@@QAE@XZ 00402bc0 f i ObjMeshDX.obj
 0001:00001bc0       ??0?$allocator@U?$_List_node@NPAX@std@@@std@@QAE@XZ 00402bc0 f i DeferredShadingMSAA.obj
 0001:00001bc0       ??0?$allocator@PAVIVisualController@@@std@@QAE@XZ 00402bc0 f i DeferredShadingMSAA.obj
 0001:00001bc0       ??0?$allocator@D@std@@QAE@XZ 00402bc0 f i DeferredRenderer.obj
 0001:00001bc0       ??0?$allocator@UD3DXVECTOR3@@@std@@QAE@XZ 00402bc0 f i ObjMeshDX.obj
 0001:00001bc0       ??0D3DXQUATERNION@@QAE@XZ  00402bc0 f i nvidiautilsDEBUG:Camera.obj
 0001:00001bc0       ??0?$allocator@PAUMaterial@@@std@@QAE@XZ 00402bc0 f i ObjMeshDX.obj
 0001:00001bc0       ??0?$allocator@UD3DXVECTOR2@@@std@@QAE@XZ 00402bc0 f i ObjMeshDX.obj
 0001:00001bc0       ??0?$allocator@U?$_List_node@PAVIVisualController@@PAX@std@@@std@@QAE@XZ 00402bc0 f i DeferredShadingMSAA.obj
 0001:00001bc0       ??0?$allocator@H@std@@QAE@XZ 00402bc0 f i ObjMeshDX.obj
 0001:00001bc0       ??0?$allocator@PAUCacheEntry@@@std@@QAE@XZ 00402bc0 f i ObjMeshDX.obj
 0001:00001bd0       ??0?$basic_string@DU?$char_traits@D@std@@V?$allocator@D@2@@std@@QAE@PBD@Z 00402bd0 f i DeferredRenderer.obj
 0001:00001c10       ??0IVisualController@@QAE@XZ 00402c10 f i DeferredRenderer.obj
 0001:00001c30       ??0SimpleTexture@@QAE@XZ   00402c30 f i DeferredRenderer.obj
 0001:00001c70       ??0_Generic_error_category@std@@QAE@XZ 00402c70 f i DeferredRenderer.obj
 0001:00001c90       ??0_Iostream_error_category@std@@QAE@XZ 00402c90 f i DeferredRenderer.obj
 0001:00001cb0       ??0_System_error_category@std@@QAE@XZ 00402cb0 f i DeferredRenderer.obj
 0001:00001cd0       ??0error_category@std@@QAE@XZ 00402cd0 f i DeferredRenderer.obj
 0001:00001cf0       ??0error_condition@std@@QAE@HABVerror_category@1@@Z 00402cf0 f i DeferredRenderer.obj
 0001:00001cf0       ??0_Fac_node@std@@QAE@PAU01@PAV_Facet_base@1@@Z 00402cf0 f i msvcprtd:locale0_implib.obj
 0001:00001d20       ??1_Generic_error_category@std@@UAE@XZ 00402d20 f i DeferredRenderer.obj
 0001:00001d40       ??1_System_error_category@std@@UAE@XZ 00402d40 f i DeferredRenderer.obj
 0001:00001d40       ??1_Iostream_error_category@std@@UAE@XZ 00402d40 f i DeferredRenderer.obj
 0001:00001d60       ??1error_category@std@@UAE@XZ 00402d60 f i DeferredRenderer.obj
 0001:00001d80       ??2@YAPAXIPAX@Z            00402d80 f i DeferredRenderer.obj
 0001:00001d90       ??8error_category@std@@QBE_NABV01@@Z 00402d90 f i DeferredRenderer.obj
 0001:00001dc0       ??8error_condition@std@@QBE_NABV01@@Z 00402dc0 f i DeferredRenderer.obj
 0001:00001e20       ??DD3DXMATRIX@@QBE?AU0@ABU0@@Z 00402e20 f i DeferredRenderer.obj
 0001:00001e70       ??_E_Generic_error_category@std@@UAEPAXI@Z 00402e70 f i DeferredRenderer.obj
 0001:00001e70       ??_G_Generic_error_category@std@@UAEPAXI@Z 00402e70 f i DeferredRenderer.obj
 0001:00001ea0       ??_E_Iostream_error_category@std@@UAEPAXI@Z 00402ea0 f i DeferredRenderer.obj
 0001:00001ea0       ??_G_Iostream_error_category@std@@UAEPAXI@Z 00402ea0 f i DeferredRenderer.obj
 0001:00001ea0       ??_E_System_error_category@std@@UAEPAXI@Z 00402ea0 f i DeferredRenderer.obj
 0001:00001ea0       ??_G_System_error_category@std@@UAEPAXI@Z 00402ea0 f i DeferredRenderer.obj
 0001:00001ed0       ??_Eerror_category@std@@UAEPAXI@Z 00402ed0 f i DeferredRenderer.obj
 0001:00001ed0       ??_Gerror_category@std@@UAEPAXI@Z 00402ed0 f i DeferredRenderer.obj
 0001:00001f00       ?CompileFromFile@DirectXUtil@@YAJPA_WPBD1PAPAUID3D10Blob@@PBU_D3D_SHADER_MACRO@@@Z 00402f00 f i DeferredRenderer.obj
 0001:00001fb0       ?DeviceCreated@IVisualController@@UAEJPAUID3D11Device@@@Z 00402fb0 f i DeferredRenderer.obj
 0001:00001fc0       ?DeviceDestroyed@IVisualController@@UAEXXZ 00402fc0 f i DeferredRenderer.obj
 0001:00001fd0       ?DisableController@IVisualController@@UAEXXZ 00402fd0 f i DeferredRenderer.obj
 0001:00001ff0       ?EnableController@IVisualController@@UAEXXZ 00402ff0 f i DeferredRenderer.obj
 0001:00002010       ?GetProjMatrix@CBaseCamera@@QBEPBUD3DXMATRIX@@XZ 00403010 f i DeferredRenderer.obj
 0001:00002030       ?GetRenderTargetView@SimpleTexture@@QBEPAUID3D11RenderTargetView@@XZ 00403030 f i DeferredRenderer.obj
 0001:00002030       ?GetDevice@DeviceManager@@QAEPAUID3D11Device@@XZ 00403030 f i DeferredShadingMSAA.obj
 0001:00002050       ?GetViewMatrix@CBaseCamera@@QBEPBUD3DXMATRIX@@XZ 00403050 f i DeferredRenderer.obj
 0001:00002070       ?GetWorldAhead@CFirstPersonCamera@@QBEPBUD3DXVECTOR3@@XZ 00403070 f i DeferredRenderer.obj
 0001:00002090       ?InitTexture2D@DirectXUtil@@YAJPAUID3D11Device@@W4DXGI_FORMAT@@IIIPAPAUID3D11Texture2D@@PAPAUID3D11ShaderResourceView@@PAPAUID3D11RenderTargetView@@PAPAUID3D11DepthStencilView@@@Z 00403090 f i DeferredRenderer.obj
 0001:000022c0       ?Initialize@SimpleTexture@@QAEJPAUID3D11Device@@W4DXGI_FORMAT@@III_N22@Z 004032c0 f i DeferredRenderer.obj
 0001:00002370       ?MsgProc@IVisualController@@UAEJPAUHWND__@@IIJ@Z 00403370 f i DeferredRenderer.obj
 0001:00002390       ?Release@SimpleTexture@@QAEXXZ 00403390 f i DeferredRenderer.obj
 0001:00002440       ?Render@IVisualController@@UAEXPAUID3D11Device@@PAUID3D11DeviceContext@@PAUID3D11RenderTargetView@@PAUID3D11DepthStencilView@@@Z 00403440 f i DeferredRenderer.obj
 0001:00002450       ?_Copy@?$basic_string@DU?$char_traits@D@std@@V?$allocator@D@2@@std@@QAEXII@Z 00403450 f i DeferredRenderer.obj
 0001:00002610       ?_Eos@?$basic_string@DU?$char_traits@D@std@@V?$allocator@D@2@@std@@QAEXI@Z 00403610 f i DeferredRenderer.obj
 0001:00002650       ?_Grow@?$basic_string@DU?$char_traits@D@std@@V?$allocator@D@2@@std@@QAE_NI_N@Z 00403650 f i DeferredRenderer.obj
 0001:00002700       ?_Inside@?$basic_string@DU?$char_traits@D@std@@V?$allocator@D@2@@std@@QAE_NPBD@Z 00403700 f i DeferredRenderer.obj
 0001:00002740       ?_Myptr@?$_String_val@U?$_Simple_types@D@std@@@std@@QAEPADXZ 00403740 f i DeferredRenderer.obj
 0001:00002740       ?_Myptr@?$_String_val@U?$_Simple_types@D@std@@@std@@QBEPBDXZ 00403740 f i DeferredRenderer.obj
 0001:00002780       ?_Reserve@?$vector@KV?$allocator@K@std@@@std@@IAEXI@Z 00403780 f i ObjMeshDX.obj
 0001:00002780       ?_Reserve@?$vector@PAUCacheEntry@@V?$allocator@PAUCacheEntry@@@std@@@std@@IAEXI@Z 00403780 f i ObjMeshDX.obj
 0001:00002780       ?_Reserve@?$vector@PAVObjMeshDX@@V?$allocator@PAVObjMeshDX@@@std@@@std@@IAEXI@Z 00403780 f i DeferredRenderer.obj
 0001:00002780       ?_Reserve@?$vector@PAUMaterial@@V?$allocator@PAUMaterial@@@std@@@std@@IAEXI@Z 00403780 f i ObjMeshDX.obj
 0001:00002780       ?_Reserve@?$vector@HV?$allocator@H@std@@@std@@IAEXI@Z 00403780 f i ObjMeshDX.obj
 0001:000027e0       ?_Tidy@?$basic_string@DU?$char_traits@D@std@@V?$allocator@D@2@@std@@QAEX_NI@Z 004037e0 f i DeferredRenderer.obj
 0001:00002880       ?_Xran@?$basic_string@DU?$char_traits@D@std@@V?$allocator@D@2@@std@@QBEXXZ 00403880 f i DeferredRenderer.obj
 0001:00002880       ?_Xran@?$basic_string@_WU?$char_traits@_W@std@@V?$allocator@_W@2@@std@@QBEXXZ 00403880 f i DeferredShadingMSAA.obj
 0001:000028a0       ?allocate@?$_Wrap_alloc@V?$allocator@D@std@@@std@@QAEPADI@Z 004038a0 f i DeferredRenderer.obj
 0001:000028c0       ?allocate@?$allocator@D@std@@QAEPADI@Z 004038c0 f i DeferredRenderer.obj
 0001:000028e0       ?assign@?$basic_string@DU?$char_traits@D@std@@V?$allocator@D@2@@std@@QAEAAV12@ABV12@II@Z 004038e0 f i DeferredRenderer.obj
 0001:00002990       ?assign@?$basic_string@DU?$char_traits@D@std@@V?$allocator@D@2@@std@@QAEAAV12@PBD@Z 00403990 f i DeferredRenderer.obj
 0001:000029c0       ?assign@?$basic_string@DU?$char_traits@D@std@@V?$allocator@D@2@@std@@QAEAAV12@PBDI@Z 004039c0 f i DeferredRenderer.obj
 0001:00002a40       ?assign@?$char_traits@D@std@@SAXAADABD@Z 00403a40 f i DeferredRenderer.obj
 0001:00002a50       ?GetShaderResourceView@SimpleTexture@@QBEPAUID3D11ShaderResourceView@@XZ 00403a50 f i DeferredRenderer.obj
 0001:00002a50       ?category@error_code@std@@QBEABVerror_category@2@XZ 00403a50 f i DeferredRenderer.obj
 0001:00002a50       ?category@error_condition@std@@QBEABVerror_category@2@XZ 00403a50 f i DeferredRenderer.obj
 0001:00002a50       ?size@?$list@NV?$allocator@N@std@@@std@@QBEIXZ 00403a50 f i nvidiautilsDEBUG:DeviceManager.obj
 0001:00002a70       ?copy@?$char_traits@D@std@@SAPADPADPBDI@Z 00403a70 f i DeferredRenderer.obj
 0001:00002aa0       ?default_error_condition@_System_error_category@std@@UBE?AVerror_condition@2@H@Z 00403aa0 f i DeferredRenderer.obj
 0001:00002af0       ?default_error_condition@error_category@std@@UBE?AVerror_condition@2@H@Z 00403af0 f i DeferredRenderer.obj
 0001:00002b10       ?equivalent@error_category@std@@UBE_NABVerror_code@2@H@Z 00403b10 f i DeferredRenderer.obj
 0001:00002b60       ?equivalent@error_category@std@@UBE_NHABVerror_condition@2@@Z 00403b60 f i DeferredRenderer.obj
 0001:00002b90       ?erase@?$basic_string@DU?$char_traits@D@std@@V?$allocator@D@2@@std@@QAEAAV12@I@Z 00403b90 f i DeferredRenderer.obj
 0001:00002bc0       ?erase@?$basic_string@DU?$char_traits@D@std@@V?$allocator@D@2@@std@@QAEAAV12@II@Z 00403bc0 f i DeferredRenderer.obj
 0001:00002c50       ?generic_category@std@@YAABVerror_category@1@XZ 00403c50 f i DeferredRenderer.obj
 0001:00002c60       ?length@?$char_traits@D@std@@SAIPBD@Z 00403c60 f i DeferredRenderer.obj
 0001:00002cb0       ?max_size@?$_Wrap_alloc@V?$allocator@D@std@@@std@@QBEIXZ 00403cb0 f i DeferredRenderer.obj
 0001:00002cd0       ?max_size@?$allocator@D@std@@QBEIXZ 00403cd0 f i DeferredRenderer.obj
 0001:00002ce0       ?max_size@?$allocator_traits@V?$allocator@D@std@@@std@@SAIABV?$allocator@D@2@@Z 00403ce0 f i DeferredRenderer.obj
 0001:00002cf0       ?max_size@?$basic_string@DU?$char_traits@D@std@@V?$allocator@D@2@@std@@QBEIXZ 00403cf0 f i DeferredRenderer.obj
 0001:00002d30       ?message@_Generic_error_category@std@@UBE?AV?$basic_string@DU?$char_traits@D@std@@V?$allocator@D@2@@2@H@Z 00403d30 f i DeferredRenderer.obj
 0001:00002d90       ?message@_Iostream_error_category@std@@UBE?AV?$basic_string@DU?$char_traits@D@std@@V?$allocator@D@2@@2@H@Z 00403d90 f i DeferredRenderer.obj
 0001:00002df0       ?message@_System_error_category@std@@UBE?AV?$basic_string@DU?$char_traits@D@std@@V?$allocator@D@2@@2@H@Z 00403df0 f i DeferredRenderer.obj
 0001:00002e50       ?move@?$char_traits@D@std@@SAPADPADPBDI@Z 00403e50 f i DeferredRenderer.obj
 0001:00002e90       ?name@_Generic_error_category@std@@UBEPBDXZ 00403e90 f i DeferredRenderer.obj
 0001:00002ea0       ?name@_Iostream_error_category@std@@UBEPBDXZ 00403ea0 f i DeferredRenderer.obj
 0001:00002eb0       ?name@_System_error_category@std@@UBEPBDXZ 00403eb0 f i DeferredRenderer.obj
 0001:00002ec0       ?system_category@std@@YAABVerror_category@1@XZ 00403ec0 f i DeferredRenderer.obj
 0001:00002ed0       ?GetTexture@SimpleTexture@@QBEPAUID3D11Texture2D@@XZ 00403ed0 f i DeferredRenderer.obj
 0001:00002ed0       ?_Unchecked@?$_Vector_const_iterator@V?$_Vector_val@U?$_Simple_types@H@std@@@std@@@std@@QBEPBHXZ 00403ed0 f i ObjMeshDX.obj
 0001:00002ed0       ?data@?$vector@UMeshVertex@@V?$allocator@UMeshVertex@@@std@@@std@@QAEPAUMeshVertex@@XZ 00403ed0 f i ObjMeshDX.obj
 0001:00002ed0       ?value@error_code@std@@QBEHXZ 00403ed0 f i DeferredRenderer.obj
 0001:00002ed0       ??D?$_String_const_iterator@V?$_String_val@U?$_Simple_types@D@std@@@std@@@std@@QBEABDXZ 00403ed0 f i ObjMeshDX.obj
 0001:00002ed0       ?_Mynode@?$_List_unchecked_const_iterator@V?$_List_val@U?$_List_simple_types@PAVIVisualController@@@std@@@std@@U_Iterator_base0@2@@std@@QBEPAU?$_List_node@PAVIVisualController@@PAX@2@XZ 00403ed0 f i nvidiautilsDEBUG:DeviceManager.obj
 0001:00002ed0       ?_Mynode@?$_List_unchecked_const_iterator@V?$_List_val@U?$_List_simple_types@N@std@@@std@@U_Iterator_base0@2@@std@@QBEPAU?$_List_node@NPAX@2@XZ 00403ed0 f i nvidiautilsDEBUG:DeviceManager.obj
 0001:00002ed0       ?data@?$vector@KV?$allocator@K@std@@@std@@QAEPAKXZ 00403ed0 f i ObjMeshDX.obj
 0001:00002ed0       ?value@error_condition@std@@QBEHXZ 00403ed0 f i DeferredRenderer.obj
 0001:00002ee0       _wWinMain@16               00403ee0 f   DeferredShadingMSAA.obj
 0001:00003070       ??$_Allocate@_W@std@@YAPA_WIPA_W@Z 00404070 f i DeferredShadingMSAA.obj
 0001:000030b0       ??$construct@PAU?$_List_node@NPAX@std@@AAPAU12@@?$allocator@U?$_List_node@NPAX@std@@@std@@QAEXPAPAU?$_List_node@NPAX@1@AAPAU21@@Z 004040b0 f i DeferredShadingMSAA.obj
 0001:000030b0       ??$construct@PADAAPAD@?$allocator@D@std@@QAEXPAPADAAPAD@Z 004040b0 f i DeferredRenderer.obj
 0001:000030b0       ??$construct@PA_WAAPA_W@?$allocator@_W@std@@QAEXPAPA_WAAPA_W@Z 004040b0 f i DeferredShadingMSAA.obj
 0001:000030b0       ??$construct@KAAK@?$allocator@K@std@@QAEXPAKAAK@Z 004040b0 f i ObjMeshDX.obj
 0001:000030b0       ??$construct@PAU?$_List_node@PAVIVisualController@@PAX@std@@AAPAU12@@?$allocator@U?$_List_node@PAVIVisualController@@PAX@std@@@std@@QAEXPAPAU?$_List_node@PAVIVisualController@@PAX@1@AAPAU21@@Z 004040b0 f i DeferredShadingMSAA.obj
 0001:000030b0       ??$construct@PAUMaterial@@AAPAU1@@?$allocator@PAUMaterial@@@std@@QAEXPAPAUMaterial@@AAPAU2@@Z 004040b0 f i ObjMeshDX.obj
 0001:000030b0       ??$construct@KK@?$allocator@K@std@@QAEXPAK$$QAK@Z 004040b0 f i ObjMeshDX.obj
 0001:000030b0       ??$construct@PAVObjMeshDX@@AAPAV1@@?$allocator@PAVObjMeshDX@@@std@@QAEXPAPAVObjMeshDX@@AAPAV2@@Z 004040b0 f i DeferredRenderer.obj
 0001:000030b0       ??$construct@PAVIVisualController@@ABQAV1@@?$allocator@U?$_List_node@PAVIVisualController@@PAX@std@@@std@@QAEXPAPAVIVisualController@@ABQAV2@@Z 004040b0 f i nvidiautilsDEBUG:DeviceManager.obj
 0001:000030b0       ??$construct@PAUCacheEntry@@PAU1@@?$allocator@PAUCacheEntry@@@std@@QAEXPAPAUCacheEntry@@$$QAPAU2@@Z 004040b0 f i ObjMeshDX.obj
 0001:000030b0       ??$construct@HAAH@?$allocator@H@std@@QAEXPAHAAH@Z 004040b0 f i ObjMeshDX.obj
 0001:00003140       ??$construct@PAU?$_List_node@PAVIVisualController@@PAX@std@@AAPAU12@@?$allocator_traits@V?$allocator@U?$_List_node@PAVIVisualController@@PAX@std@@@std@@@std@@SAXAAV?$allocator@U?$_List_node@PAVIVisualController@@PAX@std@@@1@PAPAU?$_List_node@PAVIVisualController@@PAX@1@AAPAU31@@Z 00404140 f i DeferredShadingMSAA.obj
 0001:00003140       ??$construct@PAUCacheEntry@@PAU1@@?$allocator_traits@V?$allocator@PAUCacheEntry@@@std@@@std@@SAXAAV?$allocator@PAUCacheEntry@@@1@PAPAUCacheEntry@@$$QAPAU3@@Z 00404140 f i ObjMeshDX.obj
 0001:00003140       ??$construct@PAU?$_List_node@NPAX@std@@AAPAU12@@?$allocator_traits@V?$allocator@U?$_List_node@NPAX@std@@@std@@@std@@SAXAAV?$allocator@U?$_List_node@NPAX@std@@@1@PAPAU?$_List_node@NPAX@1@AAPAU31@@Z 00404140 f i DeferredShadingMSAA.obj
 0001:00003140       ??$construct@PA_WAAPA_W@?$allocator_traits@V?$allocator@_W@std@@@std@@SAXAAV?$allocator@_W@1@PAPA_WAAPA_W@Z 00404140 f i DeferredShadingMSAA.obj
 0001:00003140       ??$construct@PAVIVisualController@@ABQAV1@@?$allocator_traits@V?$allocator@U?$_List_node@PAVIVisualController@@PAX@std@@@std@@@std@@SAXAAV?$allocator@U?$_List_node@PAVIVisualController@@PAX@std@@@1@PAPAVIVisualController@@ABQAV3@@Z 00404140 f i nvidiautilsDEBUG:DeviceManager.obj
 0001:00003140       ??$construct@KAAK@?$allocator_traits@V?$allocator@K@std@@@std@@SAXAAV?$allocator@K@1@PAKAAK@Z 00404140 f i ObjMeshDX.obj
 0001:00003140       ??$construct@PAUMaterial@@AAPAU1@@?$allocator_traits@V?$allocator@PAUMaterial@@@std@@@std@@SAXAAV?$allocator@PAUMaterial@@@1@PAPAUMaterial@@AAPAU3@@Z 00404140 f i ObjMeshDX.obj
 0001:00003140       ??$construct@PAVObjMeshDX@@AAPAV1@@?$allocator_traits@V?$allocator@PAVObjMeshDX@@@std@@@std@@SAXAAV?$allocator@PAVObjMeshDX@@@1@PAPAVObjMeshDX@@AAPAV3@@Z 00404140 f i DeferredRenderer.obj
 0001:00003140       ??$construct@KK@?$allocator_traits@V?$allocator@K@std@@@std@@SAXAAV?$allocator@K@1@PAK$$QAK@Z 00404140 f i ObjMeshDX.obj
 0001:00003140       ??$construct@HAAH@?$allocator_traits@V?$allocator@H@std@@@std@@SAXAAV?$allocator@H@1@PAHAAH@Z 00404140 f i ObjMeshDX.obj
 0001:00003140       ??$construct@PADAAPAD@?$allocator_traits@V?$allocator@D@std@@@std@@SAXAAV?$allocator@D@1@PAPADAAPAD@Z 00404140 f i DeferredRenderer.obj
 0001:00003160       ??$destroy@UMeshVertex@@@?$allocator@UMeshVertex@@@std@@QAEXPAUMeshVertex@@@Z 00404160 f i ObjMeshDX.obj
 0001:00003160       ??$destroy@PA_W@?$allocator@_W@std@@QAEXPAPA_W@Z 00404160 f i DeferredShadingMSAA.obj
 0001:00003160       ??$destroy@UD3DXVECTOR2@@@?$allocator@UD3DXVECTOR2@@@std@@QAEXPAUD3DXVECTOR2@@@Z 00404160 f i ObjMeshDX.obj
 0001:00003160       ??$destroy@UD3DXVECTOR3@@@?$allocator@UD3DXVECTOR3@@@std@@QAEXPAUD3DXVECTOR3@@@Z 00404160 f i ObjMeshDX.obj
 0001:00003160       ??$destroy@PAU?$_List_node@NPAX@std@@@?$allocator@U?$_List_node@NPAX@std@@@std@@QAEXPAPAU?$_List_node@NPAX@1@@Z 00404160 f i DeferredShadingMSAA.obj
 0001:00003160       ??$destroy@N@?$allocator@U?$_List_node@NPAX@std@@@std@@QAEXPAN@Z 00404160 f i DeferredShadingMSAA.obj
 0001:00003160       ??$destroy@PAVIVisualController@@@?$allocator@U?$_List_node@PAVIVisualController@@PAX@std@@@std@@QAEXPAPAVIVisualController@@@Z 00404160 f i DeferredShadingMSAA.obj
 0001:00003160       ??$destroy@PAD@?$allocator@D@std@@QAEXPAPAD@Z 00404160 f i DeferredRenderer.obj
 0001:00003160       ??$destroy@UMeshFace@@@?$allocator@UMeshFace@@@std@@QAEXPAUMeshFace@@@Z 00404160 f i ObjMeshDX.obj
 0001:00003160       ??$destroy@PAU?$_List_node@PAVIVisualController@@PAX@std@@@?$allocator@U?$_List_node@PAVIVisualController@@PAX@std@@@std@@QAEXPAPAU?$_List_node@PAVIVisualController@@PAX@1@@Z 00404160 f i DeferredShadingMSAA.obj
 0001:00003160       ?_Adopt@_Iterator_base0@std@@QAEXPBX@Z 00404160 f i ObjMeshDX.obj
 0001:00003170       ??$sprintf_s@$0BAA@@@YAHAAY0BAA@DPBDZZ 00404170 f i DeferredShadingMSAA.obj
 0001:000031a0       ??0?$_List_alloc@$0A@U?$_List_base_types@NV?$allocator@N@std@@@std@@@std@@QAE@ABV?$allocator@N@1@@Z 004041a0 f i DeferredShadingMSAA.obj
 0001:000031d0       ??0?$_List_alloc@$0A@U?$_List_base_types@PAVIVisualController@@V?$allocator@PAVIVisualController@@@std@@@std@@@std@@QAE@ABV?$allocator@PAVIVisualController@@@1@@Z 004041d0 f i DeferredShadingMSAA.obj
 0001:00003200       ??0?$_List_buy@NV?$allocator@N@std@@@std@@QAE@ABV?$allocator@N@1@@Z 00404200 f i DeferredShadingMSAA.obj
 0001:00003220       ??0?$_List_buy@PAVIVisualController@@V?$allocator@PAVIVisualController@@@std@@@std@@QAE@ABV?$allocator@PAVIVisualController@@@1@@Z 00404220 f i DeferredShadingMSAA.obj
 0001:00003240       ??0?$_List_val@U?$_List_simple_types@PAVIVisualController@@@std@@@std@@QAE@XZ 00404240 f i DeferredShadingMSAA.obj
 0001:00003240       ??0?$_List_val@U?$_List_simple_types@N@std@@@std@@QAE@XZ 00404240 f i DeferredShadingMSAA.obj
 0001:00003270       ??0?$_String_val@U?$_Simple_types@D@std@@@std@@QAE@XZ 00404270 f i DeferredRenderer.obj
 0001:00003270       ??0?$_String_val@U?$_Simple_types@_W@std@@@std@@QAE@XZ 00404270 f i DeferredShadingMSAA.obj
 0001:000032a0       ??0?$basic_string@_WU?$char_traits@_W@std@@V?$allocator@_W@2@@std@@QAE@PB_W@Z 004042a0 f i DeferredShadingMSAA.obj
 0001:000032e0       ??0?$list@NV?$allocator@N@std@@@std@@QAE@XZ 004042e0 f i DeferredShadingMSAA.obj
 0001:00003310       ??0?$list@PAVIVisualController@@V?$allocator@PAVIVisualController@@@std@@@std@@QAE@XZ 00404310 f i DeferredShadingMSAA.obj
 0001:00003340       ??0AntTweakBarVisualController@@QAE@XZ 00404340 f i DeferredShadingMSAA.obj
 0001:00003360       ??0D3DXVECTOR3@@QAE@MMM@Z  00404360 f i DeferredShadingMSAA.obj
 0001:000033a0       ??0DeviceCreationParameters@@QAE@XZ 004043a0 f i DeferredShadingMSAA.obj
 0001:00003440       ??0DeviceManager@@QAE@XZ   00404440 f i DeferredShadingMSAA.obj
 0001:00003560       ??1?$_List_alloc@$0A@U?$_List_base_types@NV?$allocator@N@std@@@std@@@std@@QAE@XZ 00404560 f i DeferredShadingMSAA.obj
 0001:00003560       ??1?$_List_alloc@$0A@U?$_List_base_types@PAVIVisualController@@V?$allocator@PAVIVisualController@@@std@@@std@@@std@@QAE@XZ 00404560 f i DeferredShadingMSAA.obj
 0001:00003580       ??1?$_List_buy@PAVIVisualController@@V?$allocator@PAVIVisualController@@@std@@@std@@QAE@XZ 00404580 f i DeferredShadingMSAA.obj
 0001:00003580       ??1?$_List_buy@NV?$allocator@N@std@@@std@@QAE@XZ 00404580 f i DeferredShadingMSAA.obj
 0001:000035a0       ??1?$basic_string@_WU?$char_traits@_W@std@@V?$allocator@_W@2@@std@@QAE@XZ 004045a0 f i DeferredShadingMSAA.obj
 0001:000035c0       ??1?$list@PAVIVisualController@@V?$allocator@PAVIVisualController@@@std@@@std@@QAE@XZ 004045c0 f i DeferredShadingMSAA.obj
 0001:000035c0       ??1?$list@NV?$allocator@N@std@@@std@@QAE@XZ 004045c0 f i DeferredShadingMSAA.obj
 0001:000035e0       ??1DeferredRendererController@@QAE@XZ 004045e0 f i DeferredShadingMSAA.obj
 0001:00003600       ??1DeviceManager@@UAE@XZ   00404600 f i DeferredShadingMSAA.obj
 0001:00003690       ??_GDeviceManager@@UAEPAXI@Z 00404690 f i DeferredShadingMSAA.obj
 0001:00003690       ??_EDeviceManager@@UAEPAXI@Z 00404690 f i DeferredShadingMSAA.obj
 0001:000036c0       ?Animate@AntTweakBarVisualController@@MAEXN@Z 004046c0 f i DeferredShadingMSAA.obj
 0001:000036f0       ?BackBufferResized@AntTweakBarVisualController@@MAEXPAUID3D11Device@@PBUDXGI_SURFACE_DESC@@@Z 004046f0 f i DeferredShadingMSAA.obj
 0001:000037b0       ?DeviceCreated@AntTweakBarVisualController@@MAEJPAUID3D11Device@@@Z 004047b0 f i DeferredShadingMSAA.obj
 0001:000038b0       ?DeviceDestroyed@AntTweakBarVisualController@@MAEXXZ 004048b0 f i DeferredShadingMSAA.obj
 0001:000038d0       ?GetAverageFrameTime@DeviceManager@@QAENXZ 004048d0 f i DeferredShadingMSAA.obj
 0001:000038f0       ?GetMSAASampleCount@DeferredRendererController@@QBEHXZ 004048f0 f i DeferredShadingMSAA.obj
 0001:00003910       ?InitDialogs@AntTweakBarVisualController@@IAEXXZ 00404910 f i DeferredShadingMSAA.obj
 0001:00003a40       ?MsgProc@AntTweakBarVisualController@@MAEJPAUHWND__@@IIJ@Z 00404a40 f i DeferredShadingMSAA.obj
 0001:00003b60       ?Render@AntTweakBarVisualController@@MAEXPAUID3D11Device@@PAUID3D11DeviceContext@@PAUID3D11RenderTargetView@@PAUID3D11DepthStencilView@@@Z 00404b60 f i DeferredShadingMSAA.obj
 0001:00003b90       ?RenderText@AntTweakBarVisualController@@IAEXXZ 00404b90 f i DeferredShadingMSAA.obj
 0001:00003c60       ?SetScalers@CBaseCamera@@QAEXMM@Z 00404c60 f i DeferredShadingMSAA.obj
 0001:00003c90       ?_Buyheadnode@?$_List_alloc@$0A@U?$_List_base_types@NV?$allocator@N@std@@@std@@@std@@QAEPAU?$_List_node@NPAX@2@XZ 00404c90 f i DeferredShadingMSAA.obj
 0001:00003cb0       ?_Buyheadnode@?$_List_alloc@$0A@U?$_List_base_types@PAVIVisualController@@V?$allocator@PAVIVisualController@@@std@@@std@@@std@@QAEPAU?$_List_node@PAVIVisualController@@PAX@2@XZ 00404cb0 f i DeferredShadingMSAA.obj
 0001:00003cd0       ?_Buynode0@?$_List_alloc@$0A@U?$_List_base_types@NV?$allocator@N@std@@@std@@@std@@QAEPAU?$_List_node@NPAX@2@PAU32@0@Z 00404cd0 f i DeferredShadingMSAA.obj
 0001:00003df0       ?_Buynode0@?$_List_alloc@$0A@U?$_List_base_types@PAVIVisualController@@V?$allocator@PAVIVisualController@@@std@@@std@@@std@@QAEPAU?$_List_node@PAVIVisualController@@PAX@2@PAU32@0@Z 00404df0 f i DeferredShadingMSAA.obj
 0001:00003f10       ?_Copy@?$basic_string@_WU?$char_traits@_W@std@@V?$allocator@_W@2@@std@@QAEXII@Z 00404f10 f i DeferredShadingMSAA.obj
 0001:000040d0       ?_Eos@?$basic_string@_WU?$char_traits@_W@std@@V?$allocator@_W@2@@std@@QAEXI@Z 004050d0 f i DeferredShadingMSAA.obj
 0001:00004110       ?_Freeheadnode@?$_List_alloc@$0A@U?$_List_base_types@NV?$allocator@N@std@@@std@@@std@@QAEXPAU?$_List_node@NPAX@2@@Z 00405110 f i DeferredShadingMSAA.obj
 0001:00004110       ?_Freeheadnode@?$_List_alloc@$0A@U?$_List_base_types@PAVIVisualController@@V?$allocator@PAVIVisualController@@@std@@@std@@@std@@QAEXPAU?$_List_node@PAVIVisualController@@PAX@2@@Z 00405110 f i DeferredShadingMSAA.obj
 0001:00004190       ?_Freenode@?$_List_buy@PAVIVisualController@@V?$allocator@PAVIVisualController@@@std@@@std@@QAEXPAU?$_List_node@PAVIVisualController@@PAX@2@@Z 00405190 f i DeferredShadingMSAA.obj
 0001:00004190       ?_Freenode@?$_List_buy@NV?$allocator@N@std@@@std@@QAEXPAU?$_List_node@NPAX@2@@Z 00405190 f i DeferredShadingMSAA.obj
 0001:00004240       ?_Getal@?$_Vector_alloc@$0A@U?$_Vec_base_types@UD3DXVECTOR3@@V?$allocator@UD3DXVECTOR3@@@std@@@std@@@std@@QBE?AU?$_Wrap_alloc@V?$allocator@UD3DXVECTOR3@@@std@@@2@XZ 00405240 f i ObjMeshDX.obj
 0001:00004240       ?_Getal@?$_Vector_alloc@$0A@U?$_Vec_base_types@UVertexFace@?3??ComputeVertexNormals@ObjMeshDX@@AAEXXZ@V?$allocator@UVertexFace@?3??ComputeVertexNormals@ObjMeshDX@@AAEXXZ@@std@@@std@@@std@@QBE?AU?$_Wrap_alloc@V?$allocator@UVertexFace@?3??ComputeVertexNormals@ObjMeshDX@@AAEXXZ@@std@@@2@XZ 00405240 f i ObjMeshDX.obj
 0001:00004240       ?_Getal@?$_List_alloc@$0A@U?$_List_base_types@NV?$allocator@N@std@@@std@@@std@@QBE?AU?$_Wrap_alloc@V?$allocator@U?$_List_node@NPAX@std@@@std@@@2@XZ 00405240 f i DeferredShadingMSAA.obj
 0001:00004240       ?_Getal@?$_String_alloc@$0A@U?$_String_base_types@DV?$allocator@D@std@@@std@@@std@@QBE?AU?$_Wrap_alloc@V?$allocator@D@std@@@2@XZ 00405240 f i DeferredRenderer.obj
 0001:00004240       ?_Getal@?$_Vector_alloc@$0A@U?$_Vec_base_types@KV?$allocator@K@std@@@std@@@std@@QBE?AU?$_Wrap_alloc@V?$allocator@K@std@@@2@XZ 00405240 f i ObjMeshDX.obj
 0001:00004240       ?_Getal@?$_Vector_alloc@$0A@U?$_Vec_base_types@PAUMaterial@@V?$allocator@PAUMaterial@@@std@@@std@@@std@@QBE?AU?$_Wrap_alloc@V?$allocator@PAUMaterial@@@std@@@2@XZ 00405240 f i ObjMeshDX.obj
 0001:00004240       ?_Getal@?$_List_alloc@$0A@U?$_List_base_types@PAVIVisualController@@V?$allocator@PAVIVisualController@@@std@@@std@@@std@@QBE?AU?$_Wrap_alloc@V?$allocator@U?$_List_node@PAVIVisualController@@PAX@std@@@std@@@2@XZ 00405240 f i DeferredShadingMSAA.obj
 0001:00004240       ?_Getal@?$_Vector_alloc@$0A@U?$_Vec_base_types@HV?$allocator@H@std@@@std@@@std@@QBE?AU?$_Wrap_alloc@V?$allocator@H@std@@@2@XZ 00405240 f i ObjMeshDX.obj
 0001:00004240       ?_Getal@?$_Vector_alloc@$0A@U?$_Vec_base_types@PAVObjMeshDX@@V?$allocator@PAVObjMeshDX@@@std@@@std@@@std@@QBE?AU?$_Wrap_alloc@V?$allocator@PAVObjMeshDX@@@std@@@2@XZ 00405240 f i DeferredRenderer.obj
 0001:00004240       ?_Getal@?$_Vector_alloc@$0A@U?$_Vec_base_types@UMeshFace@@V?$allocator@UMeshFace@@@std@@@std@@@std@@QBE?AU?$_Wrap_alloc@V?$allocator@UMeshFace@@@std@@@2@XZ 00405240 f i ObjMeshDX.obj
 0001:00004240       ?_Getal@?$_Vector_alloc@$0A@U?$_Vec_base_types@UMeshVertex@@V?$allocator@UMeshVertex@@@std@@@std@@@std@@QBE?AU?$_Wrap_alloc@V?$allocator@UMeshVertex@@@std@@@2@XZ 00405240 f i ObjMeshDX.obj
 0001:00004240       ?_Getal@?$_String_alloc@$0A@U?$_String_base_types@_WV?$allocator@_W@std@@@std@@@std@@QBE?AU?$_Wrap_alloc@V?$allocator@_W@std@@@2@XZ 00405240 f i DeferredShadingMSAA.obj
 0001:00004240       ?_Getal@?$_Vector_alloc@$0A@U?$_Vec_base_types@PAUCacheEntry@@V?$allocator@PAUCacheEntry@@@std@@@std@@@std@@QBE?AU?$_Wrap_alloc@V?$allocator@PAUCacheEntry@@@std@@@2@XZ 00405240 f i ObjMeshDX.obj
 0001:00004240       ?_Getal@?$_Vector_alloc@$0A@U?$_Vec_base_types@UD3DXVECTOR2@@V?$allocator@UD3DXVECTOR2@@@std@@@std@@@std@@QBE?AU?$_Wrap_alloc@V?$allocator@UD3DXVECTOR2@@@std@@@2@XZ 00405240 f i ObjMeshDX.obj
 0001:00004260       ?_Grow@?$basic_string@_WU?$char_traits@_W@std@@V?$allocator@_W@2@@std@@QAE_NI_N@Z 00405260 f i DeferredShadingMSAA.obj
 0001:00004310       ?_Inside@?$basic_string@_WU?$char_traits@_W@std@@V?$allocator@_W@2@@std@@QAE_NPB_W@Z 00405310 f i DeferredShadingMSAA.obj
 0001:00004350       ?_Myptr@?$_String_val@U?$_Simple_types@_W@std@@@std@@QBEPB_WXZ 00405350 f i DeferredShadingMSAA.obj
 0001:00004350       ?_Myptr@?$_String_val@U?$_Simple_types@_W@std@@@std@@QAEPA_WXZ 00405350 f i DeferredShadingMSAA.obj
 0001:00004390       ?_Myval@?$_List_val@U?$_List_simple_types@PAVIVisualController@@@std@@@std@@SAAAPAVIVisualController@@PAU?$_List_node@PAVIVisualController@@PAX@2@@Z 00405390 f i DeferredShadingMSAA.obj
 0001:00004390       ?_Myval@?$_List_val@U?$_List_simple_types@N@std@@@std@@SAAANPAU?$_List_node@NPAX@2@@Z 00405390 f i DeferredShadingMSAA.obj
 0001:000043a0       ??$_Unchecked@PAUD3DXVECTOR3@@@std@@YAPAUD3DXVECTOR3@@PAU1@@Z 004053a0 f i ObjMeshDX.obj
 0001:000043a0       ??$forward@AAPAUMaterial@@@std@@YAAAPAUMaterial@@AAPAU1@@Z 004053a0 f i ObjMeshDX.obj
 0001:000043a0       ??$_Unchecked@PAUMeshFace@@@std@@YAPAUMeshFace@@PAU1@@Z 004053a0 f i ObjMeshDX.obj
 0001:000043a0       ??$_Unchecked@PAH@std@@YAPAHPAH@Z 004053a0 f i ObjMeshDX.obj
 0001:000043a0       ??$addressof@N@std@@YAPANAAN@Z 004053a0 f i DeferredShadingMSAA.obj
 0001:000043a0       ?_Nextnode@?$_List_val@U?$_List_simple_types@N@std@@@std@@SAAAPAU?$_List_node@NPAX@2@PAU32@@Z 004053a0 f i DeferredShadingMSAA.obj
 0001:000043a0       ??$forward@AAPA_W@std@@YAAAPA_WAAPA_W@Z 004053a0 f i DeferredShadingMSAA.obj
 0001:000043a0       ??$forward@PAUCacheEntry@@@std@@YA$$QAPAUCacheEntry@@AAPAU1@@Z 004053a0 f i ObjMeshDX.obj
 0001:000043a0       ??$forward@AAK@std@@YAAAKAAK@Z 004053a0 f i ObjMeshDX.obj
 0001:000043a0       ??$forward@UD3DXVECTOR2@@@std@@YA$$QAUD3DXVECTOR2@@AAU1@@Z 004053a0 f i ObjMeshDX.obj
 0001:000043a0       ??$addressof@PAVIVisualController@@@std@@YAPAPAVIVisualController@@AAPAV1@@Z 004053a0 f i DeferredShadingMSAA.obj
 0001:000043a0       ??$forward@AAUMeshVertex@@@std@@YAAAUMeshVertex@@AAU1@@Z 004053a0 f i ObjMeshDX.obj
 0001:000043a0       ??$addressof@$$CBUMeshFace@@@std@@YAPBUMeshFace@@ABU1@@Z 004053a0 f i ObjMeshDX.obj
 0001:000043a0       ??$forward@AAPAVObjMeshDX@@@std@@YAAAPAVObjMeshDX@@AAPAV1@@Z 004053a0 f i DeferredRenderer.obj
 0001:000043a0       ??$forward@ABN@std@@YAABNABN@Z 004053a0 f i nvidiautilsDEBUG:DeviceManager.obj
 0001:000043a0       ??$addressof@QAVIVisualController@@@std@@YAPBQAVIVisualController@@ABQAV1@@Z 004053a0 f i nvidiautilsDEBUG:DeviceManager.obj
 0001:000043a0       ??$_Unchecked@PAUMeshVertex@@@std@@YAPAUMeshVertex@@PAU1@@Z 004053a0 f i ObjMeshDX.obj
 0001:000043a0       ??$addressof@$$CBH@std@@YAPBHABH@Z 004053a0 f i ObjMeshDX.obj
 0001:000043a0       ??$addressof@PAU?$_List_node@NPAX@std@@@std@@YAPAPAU?$_List_node@NPAX@0@AAPAU10@@Z 004053a0 f i DeferredShadingMSAA.obj
 0001:000043a0       ??$_Unchecked@PAUD3DXVECTOR2@@@std@@YAPAUD3DXVECTOR2@@PAU1@@Z 004053a0 f i ObjMeshDX.obj
 0001:000043a0       ??$_Unchecked@PAPAUMaterial@@@std@@YAPAPAUMaterial@@PAPAU1@@Z 004053a0 f i ObjMeshDX.obj
 0001:000043a0       ??$_Unchecked@PAPAUCacheEntry@@@std@@YAPAPAUCacheEntry@@PAPAU1@@Z 004053a0 f i ObjMeshDX.obj
 0001:000043a0       ??$addressof@_W@std@@YAPA_WAA_W@Z 004053a0 f i DeferredShadingMSAA.obj
 0001:000043a0       ??$forward@AAH@std@@YAAAHAAH@Z 004053a0 f i ObjMeshDX.obj
 0001:000043a0       ??$forward@ABK@std@@YAABKABK@Z 004053a0 f i ObjMeshDX.obj
 0001:000043a0       ??$_Unchecked@PAUVertexFace@?3??ComputeVertexNormals@ObjMeshDX@@AAEXXZ@@std@@YAPAUVertexFace@?3??ComputeVertexNormals@ObjMeshDX@@AAEXXZ@PAU1?3??23@AAEXXZ@@Z 004053a0 f i ObjMeshDX.obj
 0001:000043a0       ?_Nextnode@?$_List_val@U?$_List_simple_types@PAVIVisualController@@@std@@@std@@SAAAPAU?$_List_node@PAVIVisualController@@PAX@2@PAU32@@Z 004053a0 f i DeferredShadingMSAA.obj
 0001:000043a0       ??$forward@ABQAVObjMeshDX@@@std@@YAABQAVObjMeshDX@@ABQAV1@@Z 004053a0 f i DeferredRenderer.obj
 0001:000043a0       ??$forward@UD3DXVECTOR3@@@std@@YA$$QAUD3DXVECTOR3@@AAU1@@Z 004053a0 f i ObjMeshDX.obj
 0001:000043a0       ??$addressof@PAUCacheEntry@@@std@@YAPAPAUCacheEntry@@AAPAU1@@Z 004053a0 f i ObjMeshDX.obj
 0001:000043a0       ??$forward@UMeshVertex@@@std@@YA$$QAUMeshVertex@@AAU1@@Z 004053a0 f i ObjMeshDX.obj
 0001:000043a0       ??$addressof@K@std@@YAPAKAAK@Z 004053a0 f i ObjMeshDX.obj
 0001:000043a0       ??$forward@ABUMeshFace@@@std@@YAABUMeshFace@@ABU1@@Z 004053a0 f i ObjMeshDX.obj
 0001:000043a0       ??$forward@ABH@std@@YAABHABH@Z 004053a0 f i ObjMeshDX.obj
 0001:000043a0       ??$addressof@$$CBUMeshVertex@@@std@@YAPBUMeshVertex@@ABU1@@Z 004053a0 f i ObjMeshDX.obj
 0001:000043a0       ??$forward@ABQAUMaterial@@@std@@YAABQAUMaterial@@ABQAU1@@Z 004053a0 f i ObjMeshDX.obj
 0001:000043a0       ??$addressof@PAU?$_List_node@PAVIVisualController@@PAX@std@@@std@@YAPAPAU?$_List_node@PAVIVisualController@@PAX@0@AAPAU10@@Z 004053a0 f i DeferredShadingMSAA.obj
 0001:000043a0       ??$addressof@D@std@@YAPADAAD@Z 004053a0 f i DeferredRenderer.obj
 0001:000043a0       ??$forward@ABQAVIVisualController@@@std@@YAABQAVIVisualController@@ABQAV1@@Z 004053a0 f i nvidiautilsDEBUG:DeviceManager.obj
 0001:000043a0       ??$forward@K@std@@YA$$QAKAAK@Z 004053a0 f i ObjMeshDX.obj
 0001:000043a0       ??$forward@AAPAD@std@@YAAAPADAAPAD@Z 004053a0 f i DeferredRenderer.obj
 0001:000043a0       ??$addressof@QAVObjMeshDX@@@std@@YAPBQAVObjMeshDX@@ABQAV1@@Z 004053a0 f i DeferredRenderer.obj
 0001:000043a0       ??$forward@UMeshFace@@@std@@YA$$QAUMeshFace@@AAU1@@Z 004053a0 f i ObjMeshDX.obj
 0001:000043a0       ??$forward@AAPAU?$_List_node@NPAX@std@@@std@@YAAAPAU?$_List_node@NPAX@0@AAPAU10@@Z 004053a0 f i DeferredShadingMSAA.obj
 0001:000043a0       ??$addressof@QAUMaterial@@@std@@YAPBQAUMaterial@@ABQAU1@@Z 004053a0 f i ObjMeshDX.obj
 0001:000043a0       ??$_Unchecked@PAK@std@@YAPAKPAK@Z 004053a0 f i ObjMeshDX.obj
 0001:000043a0       ??$addressof@$$CBK@std@@YAPBKABK@Z 004053a0 f i ObjMeshDX.obj
 0001:000043a0       ??$addressof@UD3DXVECTOR3@@@std@@YAPAUD3DXVECTOR3@@AAU1@@Z 004053a0 f i ObjMeshDX.obj
 0001:000043a0       ??$forward@UVertexFace@?3??ComputeVertexNormals@ObjMeshDX@@AAEXXZ@@std@@YA$$QAUVertexFace@?3??ComputeVertexNormals@ObjMeshDX@@AAEXXZ@AAU1?3??23@AAEXXZ@@Z 004053a0 f i ObjMeshDX.obj
 0001:000043a0       ??$forward@ABUMeshVertex@@@std@@YAABUMeshVertex@@ABU1@@Z 004053a0 f i ObjMeshDX.obj
 0001:000043a0       ??$forward@AAPAU?$_List_node@PAVIVisualController@@PAX@std@@@std@@YAAAPAU?$_List_node@PAVIVisualController@@PAX@0@AAPAU10@@Z 004053a0 f i DeferredShadingMSAA.obj
 0001:000043a0       ??$_Unchecked@PAPAVObjMeshDX@@@std@@YAPAPAVObjMeshDX@@PAPAV1@@Z 004053a0 f i DeferredRenderer.obj
 0001:000043a0       ??$addressof@UD3DXVECTOR2@@@std@@YAPAUD3DXVECTOR2@@AAU1@@Z 004053a0 f i ObjMeshDX.obj
 0001:000043a0       ??$forward@AAUMeshFace@@@std@@YAAAUMeshFace@@AAU1@@Z 004053a0 f i ObjMeshDX.obj
 0001:000043b0       ?_Prevnode@?$_List_val@U?$_List_simple_types@N@std@@@std@@SAAAPAU?$_List_node@NPAX@2@PAU32@@Z 004053b0 f i DeferredShadingMSAA.obj
 0001:000043b0       ?_Prevnode@?$_List_val@U?$_List_simple_types@PAVIVisualController@@@std@@@std@@SAAAPAU?$_List_node@PAVIVisualController@@PAX@2@PAU32@@Z 004053b0 f i DeferredShadingMSAA.obj
 0001:000043c0       ?_Tidy@?$basic_string@_WU?$char_traits@_W@std@@V?$allocator@_W@2@@std@@QAEX_NI@Z 004053c0 f i DeferredShadingMSAA.obj
 0001:00004460       ?_Tidy@?$list@NV?$allocator@N@std@@@std@@QAEXXZ 00405460 f i DeferredShadingMSAA.obj
 0001:00004460       ?_Tidy@?$list@PAVIVisualController@@V?$allocator@PAVIVisualController@@@std@@@std@@QAEXXZ 00405460 f i DeferredShadingMSAA.obj
 0001:00004480       ?_Xlen@?$basic_string@_WU?$char_traits@_W@std@@V?$allocator@_W@2@@std@@QBEXXZ 00405480 f i DeferredShadingMSAA.obj
 0001:00004480       ?_Xlen@?$basic_string@DU?$char_traits@D@std@@V?$allocator@D@2@@std@@QBEXXZ 00405480 f i DeferredRenderer.obj
 0001:000044a0       ?allocate@?$_Wrap_alloc@V?$allocator@_W@std@@@std@@QAEPA_WI@Z 004054a0 f i DeferredShadingMSAA.obj
 0001:000044c0       ?allocate@?$allocator@_W@std@@QAEPA_WI@Z 004054c0 f i DeferredShadingMSAA.obj
 0001:000044e0       ?assign@?$basic_string@_WU?$char_traits@_W@std@@V?$allocator@_W@2@@std@@QAEAAV12@ABV12@II@Z 004054e0 f i DeferredShadingMSAA.obj
 0001:00004590       ?assign@?$basic_string@_WU?$char_traits@_W@std@@V?$allocator@_W@2@@std@@QAEAAV12@PB_W@Z 00405590 f i DeferredShadingMSAA.obj
 0001:000045c0       ?assign@?$basic_string@_WU?$char_traits@_W@std@@V?$allocator@_W@2@@std@@QAEAAV12@PB_WI@Z 004055c0 f i DeferredShadingMSAA.obj
 0001:00004640       ?assign@?$char_traits@_W@std@@SAXAA_WAB_W@Z 00405640 f i DeferredShadingMSAA.obj
 0001:00004660       ?clear@?$list@NV?$allocator@N@std@@@std@@QAEXXZ 00405660 f i DeferredShadingMSAA.obj
 0001:00004660       ?clear@?$list@PAVIVisualController@@V?$allocator@PAVIVisualController@@@std@@@std@@QAEXXZ 00405660 f i DeferredShadingMSAA.obj
 0001:000046f0       ?copy@?$char_traits@_W@std@@SAPA_WPA_WPB_WI@Z 004056f0 f i DeferredShadingMSAA.obj
 0001:00004720       ?deallocate@?$allocator@PAUCacheEntry@@@std@@QAEXPAPAUCacheEntry@@I@Z 00405720 f i ObjMeshDX.obj
 0001:00004720       ?deallocate@?$allocator@PAUMaterial@@@std@@QAEXPAPAUMaterial@@I@Z 00405720 f i ObjMeshDX.obj
 0001:00004720       ?deallocate@?$allocator@UMeshFace@@@std@@QAEXPAUMeshFace@@I@Z 00405720 f i ObjMeshDX.obj
 0001:00004720       ?deallocate@?$allocator@U?$_List_node@NPAX@std@@@std@@QAEXPAU?$_List_node@NPAX@2@I@Z 00405720 f i DeferredShadingMSAA.obj
 0001:00004720       ?deallocate@?$allocator@UMeshVertex@@@std@@QAEXPAUMeshVertex@@I@Z 00405720 f i ObjMeshDX.obj
 0001:00004720       ?deallocate@?$allocator@H@std@@QAEXPAHI@Z 00405720 f i ObjMeshDX.obj
 0001:00004720       ?deallocate@?$allocator@PAVObjMeshDX@@@std@@QAEXPAPAVObjMeshDX@@I@Z 00405720 f i DeferredRenderer.obj
 0001:00004720       ?deallocate@?$allocator@UVertexFace@?3??ComputeVertexNormals@ObjMeshDX@@AAEXXZ@@std@@QAEXPAUVertexFace@?3??ComputeVertexNormals@ObjMeshDX@@AAEXXZ@I@Z 00405720 f i ObjMeshDX.obj
 0001:00004720       ?deallocate@?$allocator@_W@std@@QAEXPA_WI@Z 00405720 f i DeferredShadingMSAA.obj
 0001:00004720       ?deallocate@?$allocator@D@std@@QAEXPADI@Z 00405720 f i DeferredRenderer.obj
 0001:00004720       ?deallocate@?$allocator@UD3DXVECTOR3@@@std@@QAEXPAUD3DXVECTOR3@@I@Z 00405720 f i ObjMeshDX.obj
 0001:00004720       ?deallocate@?$allocator@U?$_List_node@PAVIVisualController@@PAX@std@@@std@@QAEXPAU?$_List_node@PAVIVisualController@@PAX@2@I@Z 00405720 f i DeferredShadingMSAA.obj
 0001:00004720       ?deallocate@?$allocator@UD3DXVECTOR2@@@std@@QAEXPAUD3DXVECTOR2@@I@Z 00405720 f i ObjMeshDX.obj
 0001:00004720       ?deallocate@?$allocator@K@std@@QAEXPAKI@Z 00405720 f i ObjMeshDX.obj
 0001:00004740       ?erase@?$basic_string@_WU?$char_traits@_W@std@@V?$allocator@_W@2@@std@@QAEAAV12@I@Z 00405740 f i DeferredShadingMSAA.obj
 0001:00004770       ?erase@?$basic_string@_WU?$char_traits@_W@std@@V?$allocator@_W@2@@std@@QAEAAV12@II@Z 00405770 f i DeferredShadingMSAA.obj
 0001:00004800       ?length@?$char_traits@_W@std@@SAIPB_W@Z 00405800 f i DeferredShadingMSAA.obj
 0001:00004860       ?max_size@?$_Wrap_alloc@V?$allocator@_W@std@@@std@@QBEIXZ 00405860 f i DeferredShadingMSAA.obj
 0001:00004880       ?max_size@?$allocator@_W@std@@QBEIXZ 00405880 f i DeferredShadingMSAA.obj
 0001:00004890       ?max_size@?$allocator_traits@V?$allocator@_W@std@@@std@@SAIABV?$allocator@_W@2@@Z 00405890 f i DeferredShadingMSAA.obj
 0001:000048a0       ?max_size@?$basic_string@_WU?$char_traits@_W@std@@V?$allocator@_W@2@@std@@QBEIXZ 004058a0 f i DeferredShadingMSAA.obj
 0001:000048e0       ?move@?$char_traits@_W@std@@SAPA_WPA_WPB_WI@Z 004058e0 f i DeferredShadingMSAA.obj
 0001:00004910       _wmemcpy                   00405910 f i DeferredShadingMSAA.obj
 0001:00004930       _wmemmove                  00405930 f i DeferredShadingMSAA.obj
 0001:00004950       ??0ObjMeshDX@@QAE@XZ       00405950 f   ObjMeshDX.obj
 0001:00004a10       ??1ObjMeshDX@@QAE@XZ       00405a10 f   ObjMeshDX.obj
 0001:00004ac0       ?Create@ObjMeshDX@@QAEJPAUID3D11Device@@PB_W@Z 00405ac0 f   ObjMeshDX.obj
 0001:00004e40       ?Destroy@ObjMeshDX@@QAEXXZ 00405e40 f   ObjMeshDX.obj
 0001:00004fc0       ?Draw@ObjMeshDX@@QBEXPAUID3D11DeviceContext@@ABUD3DXMATRIX@@11H@Z 00405fc0 f   ObjMeshDX.obj
 0001:00005290       ?LoadGeometryFromOBJ@ObjMeshDX@@AAEJPB_W@Z 00406290 f   ObjMeshDX.obj
 0001:000064e0       ?LoadMaterialsFromMTL@ObjMeshDX@@AAEJPB_W@Z 004074e0 f   ObjMeshDX.obj
 0001:00007080       ?ComputeVertexNormals@ObjMeshDX@@AAEXXZ 00408080 f   ObjMeshDX.obj
 0001:000075e0       ?InitMaterial@ObjMeshDX@@AAEXPAUMaterial@@@Z 004085e0 f   ObjMeshDX.obj
 0001:00007730       ?AddVertex@ObjMeshDX@@AAEKIPAUMeshVertex@@@Z 00408730 f   ObjMeshDX.obj
 0001:00007880       ?DeleteCache@ObjMeshDX@@AAEXXZ 00408880 f   ObjMeshDX.obj
 0001:00007b10       ??$?5_WU?$char_traits@_W@std@@@std@@YAAAV?$basic_istream@_WU?$char_traits@_W@std@@@0@AAV10@PA_W@Z 00408b10 f i ObjMeshDX.obj
 0001:00007dc0       ??$_Allocate@PAVObjMeshDX@@@std@@YAPAPAVObjMeshDX@@IPAPAV1@@Z 00408dc0 f i DeferredRenderer.obj
 0001:00007dc0       ??$_Allocate@K@std@@YAPAKIPAK@Z 00408dc0 f i ObjMeshDX.obj
 0001:00007dc0       ??$_Allocate@H@std@@YAPAHIPAH@Z 00408dc0 f i ObjMeshDX.obj
 0001:00007dc0       ??$_Allocate@PAUCacheEntry@@@std@@YAPAPAUCacheEntry@@IPAPAU1@@Z 00408dc0 f i ObjMeshDX.obj
 0001:00007dc0       ??$_Allocate@PAUMaterial@@@std@@YAPAPAUMaterial@@IPAPAU1@@Z 00408dc0 f i ObjMeshDX.obj
 0001:00007e10       ??$_Allocate@UD3DXVECTOR2@@@std@@YAPAUD3DXVECTOR2@@IPAU1@@Z 00408e10 f i ObjMeshDX.obj
 0001:00007e60       ??$_Allocate@UD3DXVECTOR3@@@std@@YAPAUD3DXVECTOR3@@IPAU1@@Z 00408e60 f i ObjMeshDX.obj
 0001:00007e60       ??$_Allocate@U?$_List_node@PAVIVisualController@@PAX@std@@@std@@YAPAU?$_List_node@PAVIVisualController@@PAX@0@IPAU10@@Z 00408e60 f i DeferredShadingMSAA.obj
 0001:00007ea0       ??$_Allocate@UMeshFace@@@std@@YAPAUMeshFace@@IPAU1@@Z 00408ea0 f i ObjMeshDX.obj
 0001:00007ea0       ??$_Allocate@U?$_List_node@NPAX@std@@@std@@YAPAU?$_List_node@NPAX@0@IPAU10@@Z 00408ea0 f i DeferredShadingMSAA.obj
 0001:00007ea0       ??$_Allocate@UVertexFace@?3??ComputeVertexNormals@ObjMeshDX@@AAEXXZ@@std@@YAPAUVertexFace@?3??ComputeVertexNormals@ObjMeshDX@@AAEXXZ@IPAU1?3??23@AAEXXZ@@Z 00408ea0 f i ObjMeshDX.obj
 0001:00007ef0       ??$_Allocate@UMeshVertex@@@std@@YAPAUMeshVertex@@IPAU1@@Z 00408ef0 f i ObjMeshDX.obj
 0001:00007f40       ??$_DebugHeapDelete@V_Facet_base@std@@@std@@YAXPAV_Facet_base@0@@Z 00408f40 f i ObjMeshDX.obj
 0001:00007f70       ??$_Destroy_range@U?$_Wrap_alloc@V?$allocator@PAVObjMeshDX@@@std@@@std@@@std@@YAXPAPAVObjMeshDX@@0AAU?$_Wrap_alloc@V?$allocator@PAVObjMeshDX@@@std@@@0@@Z 00408f70 f i DeferredRenderer.obj
 0001:00007f70       ??$_Destroy_range@U?$_Wrap_alloc@V?$allocator@PAUCacheEntry@@@std@@@std@@@std@@YAXPAPAUCacheEntry@@0AAU?$_Wrap_alloc@V?$allocator@PAUCacheEntry@@@std@@@0@@Z 00408f70 f i ObjMeshDX.obj
 0001:00007f70       ??$_Destroy_range@U?$_Wrap_alloc@V?$allocator@K@std@@@std@@@std@@YAXPAK0AAU?$_Wrap_alloc@V?$allocator@K@std@@@0@@Z 00408f70 f i ObjMeshDX.obj
 0001:00007f70       ??$_Destroy_range@U?$_Wrap_alloc@V?$allocator@H@std@@@std@@@std@@YAXPAH0AAU?$_Wrap_alloc@V?$allocator@H@std@@@0@@Z 00408f70 f i ObjMeshDX.obj
 0001:00007f70       ??$_Destroy_range@U?$_Wrap_alloc@V?$allocator@PAUMaterial@@@std@@@std@@@std@@YAXPAPAUMaterial@@0AAU?$_Wrap_alloc@V?$allocator@PAUMaterial@@@std@@@0@@Z 00408f70 f i ObjMeshDX.obj
 0001:00007fb0       ??$_Destroy_range@U?$_Wrap_alloc@V?$allocator@H@std@@@std@@@std@@YAXPAH0AAU?$_Wrap_alloc@V?$allocator@H@std@@@0@U_Scalar_ptr_iterator_tag@0@@Z 00408fb0 f i ObjMeshDX.obj
 0001:00007fb0       ??3@YAXPAX0@Z              00408fb0 f i DeferredRenderer.obj
 0001:00007fb0       ??$_Destroy_range@U?$_Wrap_alloc@V?$allocator@PAUMaterial@@@std@@@std@@@std@@YAXPAPAUMaterial@@0AAU?$_Wrap_alloc@V?$allocator@PAUMaterial@@@std@@@0@U_Scalar_ptr_iterator_tag@0@@Z 00408fb0 f i ObjMeshDX.obj
 0001:00007fb0       ??$_Destroy_range@U?$_Wrap_alloc@V?$allocator@K@std@@@std@@@std@@YAXPAK0AAU?$_Wrap_alloc@V?$allocator@K@std@@@0@U_Scalar_ptr_iterator_tag@0@@Z 00408fb0 f i ObjMeshDX.obj
 0001:00007fb0       ??$_Destroy_range@U?$_Wrap_alloc@V?$allocator@PAUCacheEntry@@@std@@@std@@@std@@YAXPAPAUCacheEntry@@0AAU?$_Wrap_alloc@V?$allocator@PAUCacheEntry@@@std@@@0@U_Scalar_ptr_iterator_tag@0@@Z 00408fb0 f i ObjMeshDX.obj
 0001:00007fb0       ??$_Destroy_range@U?$_Wrap_alloc@V?$allocator@PAVObjMeshDX@@@std@@@std@@@std@@YAXPAPAVObjMeshDX@@0AAU?$_Wrap_alloc@V?$allocator@PAVObjMeshDX@@@std@@@0@U_Scalar_ptr_iterator_tag@0@@Z 00408fb0 f i DeferredRenderer.obj
 0001:00007fc0       ??$_Destroy_range@U?$_Wrap_alloc@V?$allocator@UD3DXVECTOR2@@@std@@@std@@@std@@YAXPAUD3DXVECTOR2@@0AAU?$_Wrap_alloc@V?$allocator@UD3DXVECTOR2@@@std@@@0@@Z 00408fc0 f i ObjMeshDX.obj
 0001:00008000       ??$_Destroy_range@U?$_Wrap_alloc@V?$allocator@UD3DXVECTOR2@@@std@@@std@@@std@@YAXPAUD3DXVECTOR2@@0AAU?$_Wrap_alloc@V?$allocator@UD3DXVECTOR2@@@std@@@0@U_Nonscalar_ptr_iterator_tag@0@@Z 00409000 f i ObjMeshDX.obj
 0001:00008030       ??$_Destroy_range@U?$_Wrap_alloc@V?$allocator@UD3DXVECTOR3@@@std@@@std@@@std@@YAXPAUD3DXVECTOR3@@0AAU?$_Wrap_alloc@V?$allocator@UD3DXVECTOR3@@@std@@@0@@Z 00409030 f i ObjMeshDX.obj
 0001:00008070       ??$_Destroy_range@U?$_Wrap_alloc@V?$allocator@UD3DXVECTOR3@@@std@@@std@@@std@@YAXPAUD3DXVECTOR3@@0AAU?$_Wrap_alloc@V?$allocator@UD3DXVECTOR3@@@std@@@0@U_Nonscalar_ptr_iterator_tag@0@@Z 00409070 f i ObjMeshDX.obj
 0001:000080a0       ??$_Destroy_range@U?$_Wrap_alloc@V?$allocator@UMeshFace@@@std@@@std@@@std@@YAXPAUMeshFace@@0AAU?$_Wrap_alloc@V?$allocator@UMeshFace@@@std@@@0@@Z 004090a0 f i ObjMeshDX.obj
 0001:000080e0       ??$_Destroy_range@U?$_Wrap_alloc@V?$allocator@UMeshFace@@@std@@@std@@@std@@YAXPAUMeshFace@@0AAU?$_Wrap_alloc@V?$allocator@UMeshFace@@@std@@@0@U_Nonscalar_ptr_iterator_tag@0@@Z 004090e0 f i ObjMeshDX.obj
 0001:00008110       ??$_Destroy_range@U?$_Wrap_alloc@V?$allocator@UMeshVertex@@@std@@@std@@@std@@YAXPAUMeshVertex@@0AAU?$_Wrap_alloc@V?$allocator@UMeshVertex@@@std@@@0@@Z 00409110 f i ObjMeshDX.obj
 0001:00008150       ??$_Destroy_range@U?$_Wrap_alloc@V?$allocator@UMeshVertex@@@std@@@std@@@std@@YAXPAUMeshVertex@@0AAU?$_Wrap_alloc@V?$allocator@UMeshVertex@@@std@@@0@U_Nonscalar_ptr_iterator_tag@0@@Z 00409150 f i ObjMeshDX.obj
 0001:00008180       ??$_Destroy_range@U?$_Wrap_alloc@V?$allocator@UVertexFace@?3??ComputeVertexNormals@ObjMeshDX@@AAEXXZ@@std@@@std@@@std@@YAXPAUVertexFace@?3??ComputeVertexNormals@ObjMeshDX@@AAEXXZ@0AAU?$_Wrap_alloc@V?$allocator@UVertexFace@?3??ComputeVertexNormals@ObjMeshDX@@AAEXXZ@@std@@@0@@Z 00409180 f i ObjMeshDX.obj
 0001:000081c0       ??$_Destroy_range@U?$_Wrap_alloc@V?$allocator@UVertexFace@?3??ComputeVertexNormals@ObjMeshDX@@AAEXXZ@@std@@@std@@@std@@YAXPAUVertexFace@?3??ComputeVertexNormals@ObjMeshDX@@AAEXXZ@0AAU?$_Wrap_alloc@V?$allocator@UVertexFace@?3??ComputeVertexNormals@ObjMeshDX@@AAEXXZ@@std@@@0@U_Nonscalar_ptr_iterator_tag@0@@Z 004091c0 f i ObjMeshDX.obj
 0001:000081f0       ??$_Fgetc@_W@std@@YA_NAA_WPAU_iobuf@@@Z 004091f0 f i ObjMeshDX.obj
 0001:00008230       ??$_Fputc@_W@std@@YA_N_WPAU_iobuf@@@Z 00409230 f i ObjMeshDX.obj
 0001:00008270       ??$_Ptr_cat@UVertexFace@?3??ComputeVertexNormals@ObjMeshDX@@AAEXXZ@U1?3??23@AAEXXZ@@std@@YA?AU_Nonscalar_ptr_iterator_tag@0@PAUVertexFace@?3??ComputeVertexNormals@ObjMeshDX@@AAEXXZ@0@Z 00409270 f i ObjMeshDX.obj
 0001:00008270       ??$_Ptr_cat@UD3DXVECTOR3@@U1@@std@@YA?AU_Nonscalar_ptr_iterator_tag@0@PAUD3DXVECTOR3@@0@Z 00409270 f i ObjMeshDX.obj
 0001:00008270       ??$_Ptr_cat@KK@std@@YA?AU_Scalar_ptr_iterator_tag@0@PAK0@Z 00409270 f i ObjMeshDX.obj
 0001:00008270       ??$_Ptr_cat@UMeshVertex@@U1@@std@@YA?AU_Nonscalar_ptr_iterator_tag@0@PAUMeshVertex@@0@Z 00409270 f i ObjMeshDX.obj
 0001:00008270       ??$_Ptr_cat@UD3DXVECTOR2@@U1@@std@@YA?AU_Nonscalar_ptr_iterator_tag@0@PAUD3DXVECTOR2@@0@Z 00409270 f i ObjMeshDX.obj
 0001:00008270       ??$_Ptr_cat@PAUCacheEntry@@PAU1@@std@@YA?AU_Scalar_ptr_iterator_tag@0@PAPAUCacheEntry@@0@Z 00409270 f i ObjMeshDX.obj
 0001:00008270       ??$_Ptr_cat@PAUMaterial@@PAU1@@std@@YA?AU_Scalar_ptr_iterator_tag@0@PAPAUMaterial@@0@Z 00409270 f i ObjMeshDX.obj
 0001:00008270       ??$_Ptr_cat@PAVObjMeshDX@@PAV1@@std@@YA?AU_Scalar_ptr_iterator_tag@0@PAPAVObjMeshDX@@0@Z 00409270 f i DeferredRenderer.obj
 0001:00008270       ??$_Ptr_cat@UMeshFace@@U1@@std@@YA?AU_Nonscalar_ptr_iterator_tag@0@PAUMeshFace@@0@Z 00409270 f i ObjMeshDX.obj
 0001:00008270       ??$_Ptr_cat@HH@std@@YA?AU_Scalar_ptr_iterator_tag@0@PBHPAH@Z 00409270 f i ObjMeshDX.obj
 0001:00008270       ??$_Ptr_cat@HH@std@@YA?AU_Scalar_ptr_iterator_tag@0@PAH0@Z 00409270 f i ObjMeshDX.obj
 0001:00008280       ??$_Rechecked@PAUVertexFace@?3??ComputeVertexNormals@ObjMeshDX@@AAEXXZ@PAU1?3??23@AAEXXZ@@std@@YAAAPAUVertexFace@?3??ComputeVertexNormals@ObjMeshDX@@AAEXXZ@AAPAU1?3??23@AAEXXZ@PAU1?3??23@AAEXXZ@@Z 00409280 f i ObjMeshDX.obj
 0001:00008280       ??$_Rechecked@PAUMeshVertex@@PAU1@@std@@YAAAPAUMeshVertex@@AAPAU1@PAU1@@Z 00409280 f i ObjMeshDX.obj
 0001:00008280       ??$_Rechecked@PAPAVObjMeshDX@@PAPAV1@@std@@YAAAPAPAVObjMeshDX@@AAPAPAV1@PAPAV1@@Z 00409280 f i DeferredRenderer.obj
 0001:00008280       ??$_Rechecked@PAPAUMaterial@@PAPAU1@@std@@YAAAPAPAUMaterial@@AAPAPAU1@PAPAU1@@Z 00409280 f i ObjMeshDX.obj
 0001:00008280       ??$_Rechecked@PAUD3DXVECTOR3@@PAU1@@std@@YAAAPAUD3DXVECTOR3@@AAPAU1@PAU1@@Z 00409280 f i ObjMeshDX.obj
 0001:00008280       ??$_Rechecked@PAUD3DXVECTOR2@@PAU1@@std@@YAAAPAUD3DXVECTOR2@@AAPAU1@PAU1@@Z 00409280 f i ObjMeshDX.obj
 0001:00008280       ??$_Rechecked@PAUMeshFace@@PAU1@@std@@YAAAPAUMeshFace@@AAPAU1@PAU1@@Z 00409280 f i ObjMeshDX.obj
 0001:00008280       ??$_Rechecked@PAKPAK@std@@YAAAPAKAAPAKPAK@Z 00409280 f i ObjMeshDX.obj
 0001:00008280       ??$_Rechecked@PAHPAH@std@@YAAAPAHAAPAHPAH@Z 00409280 f i ObjMeshDX.obj
 0001:00008280       ??$_Rechecked@PAPAUCacheEntry@@PAPAU1@@std@@YAAAPAPAUCacheEntry@@AAPAPAU1@PAPAU1@@Z 00409280 f i ObjMeshDX.obj
 0001:00008290       ??$_Ucopy@V?$_Vector_const_iterator@V?$_Vector_val@U?$_Simple_types@H@std@@@std@@@std@@@?$vector@HV?$allocator@H@std@@@std@@IAEPAHV?$_Vector_const_iterator@V?$_Vector_val@U?$_Simple_types@H@std@@@std@@@1@0PAH@Z 00409290 f i ObjMeshDX.obj
 0001:000082d0       ??$_Umove@PAPAVObjMeshDX@@@?$vector@PAVObjMeshDX@@V?$allocator@PAVObjMeshDX@@@std@@@std@@IAEPAPAVObjMeshDX@@PAPAV2@00@Z 004092d0 f i DeferredRenderer.obj
 0001:000082d0       ??$_Umove@PAPAUMaterial@@@?$vector@PAUMaterial@@V?$allocator@PAUMaterial@@@std@@@std@@IAEPAPAUMaterial@@PAPAU2@00@Z 004092d0 f i ObjMeshDX.obj
 0001:000082d0       ??$_Umove@PAPAUCacheEntry@@@?$vector@PAUCacheEntry@@V?$allocator@PAUCacheEntry@@@std@@@std@@IAEPAPAUCacheEntry@@PAPAU2@00@Z 004092d0 f i ObjMeshDX.obj
 0001:000082d0       ??$_Umove@PAK@?$vector@KV?$allocator@K@std@@@std@@IAEPAKPAK00@Z 004092d0 f i ObjMeshDX.obj
 0001:000082d0       ??$_Umove@PAH@?$vector@HV?$allocator@H@std@@@std@@IAEPAHPAH00@Z 004092d0 f i ObjMeshDX.obj
 0001:00008310       ??$_Umove@PAUD3DXVECTOR2@@@?$vector@UD3DXVECTOR2@@V?$allocator@UD3DXVECTOR2@@@std@@@std@@IAEPAUD3DXVECTOR2@@PAU2@00@Z 00409310 f i ObjMeshDX.obj
 0001:00008350       ??$_Umove@PAUD3DXVECTOR3@@@?$vector@UD3DXVECTOR3@@V?$allocator@UD3DXVECTOR3@@@std@@@std@@IAEPAUD3DXVECTOR3@@PAU2@00@Z 00409350 f i ObjMeshDX.obj
 0001:00008390       ??$_Umove@PAUMeshFace@@@?$vector@UMeshFace@@V?$allocator@UMeshFace@@@std@@@std@@IAEPAUMeshFace@@PAU2@00@Z 00409390 f i ObjMeshDX.obj
 0001:000083d0       ??$_Umove@PAUMeshVertex@@@?$vector@UMeshVertex@@V?$allocator@UMeshVertex@@@std@@@std@@IAEPAUMeshVertex@@PAU2@00@Z 004093d0 f i ObjMeshDX.obj
 0001:00008410       ??$_Umove@PAUVertexFace@?3??ComputeVertexNormals@ObjMeshDX@@AAEXXZ@@?$vector@UVertexFace@?3??ComputeVertexNormals@ObjMeshDX@@AAEXXZ@V?$allocator@UVertexFace@?3??ComputeVertexNormals@ObjMeshDX@@AAEXXZ@@std@@@std@@IAEPAUVertexFace@?3??ComputeVertexNormals@ObjMeshDX@@AAEXXZ@PAU2?3??34@AAEXXZ@00@Z 00409410 f i ObjMeshDX.obj
 0001:00008450       ??$_Unchecked@V?$_Vector_val@U?$_Simple_types@H@std@@@std@@@std@@YAPBHV?$_Vector_const_iterator@V?$_Vector_val@U?$_Simple_types@H@std@@@std@@@0@@Z 00409450 f i ObjMeshDX.obj
 0001:00008460       ??$_Ungetc@_W@std@@YA_NAB_WPAU_iobuf@@@Z 00409460 f i ObjMeshDX.obj
 0001:000084a0       ??$_Uninit_copy@PBHPAHU?$_Wrap_alloc@V?$allocator@H@std@@@std@@@std@@YAPAHPBH0PAHAAU?$_Wrap_alloc@V?$allocator@H@std@@@0@@Z 004094a0 f i ObjMeshDX.obj
 0001:000084e0       ??$_Uninit_def_fill_n@PAUD3DXVECTOR3@@IV?$allocator@UD3DXVECTOR3@@@std@@U1@@std@@YAXPAUD3DXVECTOR3@@IAAU?$_Wrap_alloc@V?$allocator@UD3DXVECTOR3@@@std@@@0@0U_Nonscalar_ptr_iterator_tag@0@@Z 004094e0 f i ObjMeshDX.obj
 0001:000085a0       ??$_Uninit_def_fill_n@PAUVertexFace@?3??ComputeVertexNormals@ObjMeshDX@@AAEXXZ@IV?$allocator@UVertexFace@?3??ComputeVertexNormals@ObjMeshDX@@AAEXXZ@@std@@U1?3??23@AAEXXZ@@std@@YAXPAUVertexFace@?3??ComputeVertexNormals@ObjMeshDX@@AAEXXZ@IAAU?$_Wrap_alloc@V?$allocator@UVertexFace@?3??ComputeVertexNormals@ObjMeshDX@@AAEXXZ@@std@@@0@0U_Nonscalar_ptr_iterator_tag@0@@Z 004095a0 f i ObjMeshDX.obj
 0001:00008660       ??$_Uninit_move@PAPAUCacheEntry@@PAPAU1@U?$_Wrap_alloc@V?$allocator@PAUCacheEntry@@@std@@@std@@@std@@YAPAPAUCacheEntry@@PAPAU1@00AAU?$_Wrap_alloc@V?$allocator@PAUCacheEntry@@@std@@@0@@Z 00409660 f i ObjMeshDX.obj
 0001:00008660       ??$_Uninit_move@PAHPAHU?$_Wrap_alloc@V?$allocator@H@std@@@std@@@std@@YAPAHPAH00AAU?$_Wrap_alloc@V?$allocator@H@std@@@0@@Z 00409660 f i ObjMeshDX.obj
 0001:00008660       ??$_Uninit_move@PAKPAKU?$_Wrap_alloc@V?$allocator@K@std@@@std@@@std@@YAPAKPAK00AAU?$_Wrap_alloc@V?$allocator@K@std@@@0@@Z 00409660 f i ObjMeshDX.obj
 0001:00008660       ??$_Uninit_move@PAPAUMaterial@@PAPAU1@U?$_Wrap_alloc@V?$allocator@PAUMaterial@@@std@@@std@@@std@@YAPAPAUMaterial@@PAPAU1@00AAU?$_Wrap_alloc@V?$allocator@PAUMaterial@@@std@@@0@@Z 00409660 f i ObjMeshDX.obj
 0001:00008660       ??$_Uninit_move@PAPAVObjMeshDX@@PAPAV1@U?$_Wrap_alloc@V?$allocator@PAVObjMeshDX@@@std@@@std@@@std@@YAPAPAVObjMeshDX@@PAPAV1@00AAU?$_Wrap_alloc@V?$allocator@PAVObjMeshDX@@@std@@@0@@Z 00409660 f i DeferredRenderer.obj
 0001:000086b0       ??$_Uninit_move@KKK@std@@YAPAKPAK00AAU?$_Wrap_alloc@V?$allocator@K@std@@@0@0U_Scalar_ptr_iterator_tag@0@@Z 004096b0 f i ObjMeshDX.obj
 0001:000086b0       ??$_Uninit_move@PAUMaterial@@PAU1@PAU1@@std@@YAPAPAUMaterial@@PAPAU1@00AAU?$_Wrap_alloc@V?$allocator@PAUMaterial@@@std@@@0@0U_Scalar_ptr_iterator_tag@0@@Z 004096b0 f i ObjMeshDX.obj
 0001:000086b0       ??$_Uninit_move@PAVObjMeshDX@@PAV1@PAV1@@std@@YAPAPAVObjMeshDX@@PAPAV1@00AAU?$_Wrap_alloc@V?$allocator@PAVObjMeshDX@@@std@@@0@0U_Scalar_ptr_iterator_tag@0@@Z 004096b0 f i DeferredRenderer.obj
 0001:000086b0       ??$_Uninit_move@HHH@std@@YAPAHPAH00AAU?$_Wrap_alloc@V?$allocator@H@std@@@0@0U_Scalar_ptr_iterator_tag@0@@Z 004096b0 f i ObjMeshDX.obj
 0001:000086b0       ??$_Uninit_move@PAUCacheEntry@@PAU1@PAU1@@std@@YAPAPAUCacheEntry@@PAPAU1@00AAU?$_Wrap_alloc@V?$allocator@PAUCacheEntry@@@std@@@0@0U_Scalar_ptr_iterator_tag@0@@Z 004096b0 f i ObjMeshDX.obj
 0001:000086b0       ??$_Uninit_copy@$$CBHH@std@@YAPAHPBH0PAHAAU?$_Wrap_alloc@V?$allocator@H@std@@@0@U_Scalar_ptr_iterator_tag@0@@Z 004096b0 f i ObjMeshDX.obj
 0001:000086f0       ??$_Uninit_move@PAUD3DXVECTOR2@@PAU1@U?$_Wrap_alloc@V?$allocator@UD3DXVECTOR2@@@std@@@std@@@std@@YAPAUD3DXVECTOR2@@PAU1@00AAU?$_Wrap_alloc@V?$allocator@UD3DXVECTOR2@@@std@@@0@@Z 004096f0 f i ObjMeshDX.obj
 0001:00008740       ??$_Uninit_move@PAUD3DXVECTOR2@@PAU1@V?$allocator@UD3DXVECTOR2@@@std@@U1@@std@@YAPAUD3DXVECTOR2@@PAU1@00AAU?$_Wrap_alloc@V?$allocator@UD3DXVECTOR2@@@std@@@0@0U_Nonscalar_ptr_iterator_tag@0@@Z 00409740 f i ObjMeshDX.obj
 0001:00008800       ??$_Uninit_move@PAUD3DXVECTOR3@@PAU1@U?$_Wrap_alloc@V?$allocator@UD3DXVECTOR3@@@std@@@std@@@std@@YAPAUD3DXVECTOR3@@PAU1@00AAU?$_Wrap_alloc@V?$allocator@UD3DXVECTOR3@@@std@@@0@@Z 00409800 f i ObjMeshDX.obj
 0001:00008850       ??$_Uninit_move@PAUD3DXVECTOR3@@PAU1@V?$allocator@UD3DXVECTOR3@@@std@@U1@@std@@YAPAUD3DXVECTOR3@@PAU1@00AAU?$_Wrap_alloc@V?$allocator@UD3DXVECTOR3@@@std@@@0@0U_Nonscalar_ptr_iterator_tag@0@@Z 00409850 f i ObjMeshDX.obj
 0001:00008910       ??$_Uninit_move@PAUMeshFace@@PAU1@U?$_Wrap_alloc@V?$allocator@UMeshFace@@@std@@@std@@@std@@YAPAUMeshFace@@PAU1@00AAU?$_Wrap_alloc@V?$allocator@UMeshFace@@@std@@@0@@Z 00409910 f i ObjMeshDX.obj
 0001:00008960       ??$_Uninit_move@PAUMeshFace@@PAU1@V?$allocator@UMeshFace@@@std@@U1@@std@@YAPAUMeshFace@@PAU1@00AAU?$_Wrap_alloc@V?$allocator@UMeshFace@@@std@@@0@0U_Nonscalar_ptr_iterator_tag@0@@Z 00409960 f i ObjMeshDX.obj
 0001:00008a20       ??$_Uninit_move@PAUMeshVertex@@PAU1@U?$_Wrap_alloc@V?$allocator@UMeshVertex@@@std@@@std@@@std@@YAPAUMeshVertex@@PAU1@00AAU?$_Wrap_alloc@V?$allocator@UMeshVertex@@@std@@@0@@Z 00409a20 f i ObjMeshDX.obj
 0001:00008a70       ??$_Uninit_move@PAUMeshVertex@@PAU1@V?$allocator@UMeshVertex@@@std@@U1@@std@@YAPAUMeshVertex@@PAU1@00AAU?$_Wrap_alloc@V?$allocator@UMeshVertex@@@std@@@0@0U_Nonscalar_ptr_iterator_tag@0@@Z 00409a70 f i ObjMeshDX.obj
 0001:00008b30       ??$_Uninit_move@PAUVertexFace@?3??ComputeVertexNormals@ObjMeshDX@@AAEXXZ@PAU1?3??23@AAEXXZ@U?$_Wrap_alloc@V?$allocator@UVertexFace@?3??ComputeVertexNormals@ObjMeshDX@@AAEXXZ@@std@@@std@@@std@@YAPAUVertexFace@?3??ComputeVertexNormals@ObjMeshDX@@AAEXXZ@PAU1?3??23@AAEXXZ@00AAU?$_Wrap_alloc@V?$allocator@UVertexFace@?3??ComputeVertexNormals@ObjMeshDX@@AAEXXZ@@std@@@0@@Z 00409b30 f i ObjMeshDX.obj
 0001:00008b80       ??$_Uninit_move@PAUVertexFace@?3??ComputeVertexNormals@ObjMeshDX@@AAEXXZ@PAU1?3??23@AAEXXZ@V?$allocator@UVertexFace@?3??ComputeVertexNormals@ObjMeshDX@@AAEXXZ@@std@@U1?3??23@AAEXXZ@@std@@YAPAUVertexFace@?3??ComputeVertexNormals@ObjMeshDX@@AAEXXZ@PAU1?3??23@AAEXXZ@00AAU?$_Wrap_alloc@V?$allocator@UVertexFace@?3??ComputeVertexNormals@ObjMeshDX@@AAEXXZ@@std@@@0@0U_Nonscalar_ptr_iterator_tag@0@@Z 00409b80 f i ObjMeshDX.obj
 0001:00008c40       ??$_Uninitialized_copy@V?$_Vector_const_iterator@V?$_Vector_val@U?$_Simple_types@H@std@@@std@@@std@@PAHU?$_Wrap_alloc@V?$allocator@H@std@@@2@@std@@YAPAHV?$_Vector_const_iterator@V?$_Vector_val@U?$_Simple_types@H@std@@@std@@@0@0PAHAAU?$_Wrap_alloc@V?$allocator@H@std@@@0@@Z 00409c40 f i ObjMeshDX.obj
 0001:00008c90       ??$_Uninitialized_default_fill_n@PAUD3DXVECTOR3@@IU?$_Wrap_alloc@V?$allocator@UD3DXVECTOR3@@@std@@@std@@@std@@YAXPAUD3DXVECTOR3@@IAAU?$_Wrap_alloc@V?$allocator@UD3DXVECTOR3@@@std@@@0@@Z 00409c90 f i ObjMeshDX.obj
 0001:00008ce0       ??$_Uninitialized_default_fill_n@PAUVertexFace@?3??ComputeVertexNormals@ObjMeshDX@@AAEXXZ@IU?$_Wrap_alloc@V?$allocator@UVertexFace@?3??ComputeVertexNormals@ObjMeshDX@@AAEXXZ@@std@@@std@@@std@@YAXPAUVertexFace@?3??ComputeVertexNormals@ObjMeshDX@@AAEXXZ@IAAU?$_Wrap_alloc@V?$allocator@UVertexFace@?3??ComputeVertexNormals@ObjMeshDX@@AAEXXZ@@std@@@0@@Z 00409ce0 f i ObjMeshDX.obj
 0001:00008d30       ??$_Uninitialized_move@PAPAUCacheEntry@@PAPAU1@U?$_Wrap_alloc@V?$allocator@PAUCacheEntry@@@std@@@std@@@std@@YAPAPAUCacheEntry@@PAPAU1@00AAU?$_Wrap_alloc@V?$allocator@PAUCacheEntry@@@std@@@0@@Z 00409d30 f i ObjMeshDX.obj
 0001:00008d30       ??$_Uninitialized_move@PAKPAKU?$_Wrap_alloc@V?$allocator@K@std@@@std@@@std@@YAPAKPAK00AAU?$_Wrap_alloc@V?$allocator@K@std@@@0@@Z 00409d30 f i ObjMeshDX.obj
 0001:00008d30       ??$_Uninitialized_move@PAPAVObjMeshDX@@PAPAV1@U?$_Wrap_alloc@V?$allocator@PAVObjMeshDX@@@std@@@std@@@std@@YAPAPAVObjMeshDX@@PAPAV1@00AAU?$_Wrap_alloc@V?$allocator@PAVObjMeshDX@@@std@@@0@@Z 00409d30 f i DeferredRenderer.obj
 0001:00008d30       ??$_Uninitialized_move@PAHPAHU?$_Wrap_alloc@V?$allocator@H@std@@@std@@@std@@YAPAHPAH00AAU?$_Wrap_alloc@V?$allocator@H@std@@@0@@Z 00409d30 f i ObjMeshDX.obj
 0001:00008d30       ??$_Uninitialized_move@PAPAUMaterial@@PAPAU1@U?$_Wrap_alloc@V?$allocator@PAUMaterial@@@std@@@std@@@std@@YAPAPAUMaterial@@PAPAU1@00AAU?$_Wrap_alloc@V?$allocator@PAUMaterial@@@std@@@0@@Z 00409d30 f i ObjMeshDX.obj
 0001:00008d80       ??$_Uninitialized_move@PAUD3DXVECTOR2@@PAU1@U?$_Wrap_alloc@V?$allocator@UD3DXVECTOR2@@@std@@@std@@@std@@YAPAUD3DXVECTOR2@@PAU1@00AAU?$_Wrap_alloc@V?$allocator@UD3DXVECTOR2@@@std@@@0@@Z 00409d80 f i ObjMeshDX.obj
 0001:00008dd0       ??$_Uninitialized_move@PAUD3DXVECTOR3@@PAU1@U?$_Wrap_alloc@V?$allocator@UD3DXVECTOR3@@@std@@@std@@@std@@YAPAUD3DXVECTOR3@@PAU1@00AAU?$_Wrap_alloc@V?$allocator@UD3DXVECTOR3@@@std@@@0@@Z 00409dd0 f i ObjMeshDX.obj
 0001:00008e20       ??$_Uninitialized_move@PAUMeshFace@@PAU1@U?$_Wrap_alloc@V?$allocator@UMeshFace@@@std@@@std@@@std@@YAPAUMeshFace@@PAU1@00AAU?$_Wrap_alloc@V?$allocator@UMeshFace@@@std@@@0@@Z 00409e20 f i ObjMeshDX.obj
 0001:00008e70       ??$_Uninitialized_move@PAUMeshVertex@@PAU1@U?$_Wrap_alloc@V?$allocator@UMeshVertex@@@std@@@std@@@std@@YAPAUMeshVertex@@PAU1@00AAU?$_Wrap_alloc@V?$allocator@UMeshVertex@@@std@@@0@@Z 00409e70 f i ObjMeshDX.obj
 0001:00008ec0       ??$_Uninitialized_move@PAUVertexFace@?3??ComputeVertexNormals@ObjMeshDX@@AAEXXZ@PAU1?3??23@AAEXXZ@U?$_Wrap_alloc@V?$allocator@UVertexFace@?3??ComputeVertexNormals@ObjMeshDX@@AAEXXZ@@std@@@std@@@std@@YAPAUVertexFace@?3??ComputeVertexNormals@ObjMeshDX@@AAEXXZ@PAU1?3??23@AAEXXZ@00AAU?$_Wrap_alloc@V?$allocator@UVertexFace@?3??ComputeVertexNormals@ObjMeshDX@@AAEXXZ@@std@@@0@@Z 00409ec0 f i ObjMeshDX.obj
 0001:00008f10       __wsetargv                 00409f10 f i MSVCRTD:wdllargv.obj
 0001:00008f10       ??$_Val_type@PAK@std@@YAPAKPAK@Z 00409f10 f i ObjMeshDX.obj
 0001:00008f10       __matherr                  00409f10 f i MSVCRTD:merr.obj
 0001:00008f10       ??$_Val_type@PAUMeshVertex@@@std@@YAPAUMeshVertex@@PAU1@@Z 00409f10 f i ObjMeshDX.obj
 0001:00008f10       ??$_Val_type@PAPAVObjMeshDX@@@std@@YAPAPAVObjMeshDX@@PAPAV1@@Z 00409f10 f i DeferredRenderer.obj
 0001:00008f10       ??$_Val_type@PAUD3DXVECTOR2@@@std@@YAPAUD3DXVECTOR2@@PAU1@@Z 00409f10 f i ObjMeshDX.obj
 0001:00008f10       ??$_Val_type@PAUMeshFace@@@std@@YAPAUMeshFace@@PAU1@@Z 00409f10 f i ObjMeshDX.obj
 0001:00008f10       ??$_Val_type@PAH@std@@YAPAHPAH@Z 00409f10 f i ObjMeshDX.obj
 0001:00008f10       ??$_Val_type@PAPAUMaterial@@@std@@YAPAPAUMaterial@@PAPAU1@@Z 00409f10 f i ObjMeshDX.obj
 0001:00008f10       ??$_Val_type@PAUVertexFace@?3??ComputeVertexNormals@ObjMeshDX@@AAEXXZ@@std@@YAPAUVertexFace@?3??ComputeVertexNormals@ObjMeshDX@@AAEXXZ@PAU1?3??23@AAEXXZ@@Z 00409f10 f i ObjMeshDX.obj
 0001:00008f10       ??$_Val_type@PAUD3DXVECTOR3@@@std@@YAPAUD3DXVECTOR3@@PAU1@@Z 00409f10 f i ObjMeshDX.obj
 0001:00008f10       ??$_Val_type@PAPAUCacheEntry@@@std@@YAPAPAUCacheEntry@@PAPAU1@@Z 00409f10 f i ObjMeshDX.obj
 0001:00008f20       ??$construct@PAUMaterial@@ABQAU1@@?$_Wrap_alloc@V?$allocator@PAUMaterial@@@std@@@std@@QAEXPAPAUMaterial@@ABQAU2@@Z 00409f20 f i ObjMeshDX.obj
 0001:00008f20       ??$construct@KABK@?$_Wrap_alloc@V?$allocator@K@std@@@std@@QAEXPAKABK@Z 00409f20 f i ObjMeshDX.obj
 0001:00008f20       ??$construct@PAVObjMeshDX@@ABQAV1@@?$_Wrap_alloc@V?$allocator@PAVObjMeshDX@@@std@@@std@@QAEXPAPAVObjMeshDX@@ABQAV2@@Z 00409f20 f i DeferredRenderer.obj
 0001:00008f20       ??$construct@HABH@?$_Wrap_alloc@V?$allocator@H@std@@@std@@QAEXPAHABH@Z 00409f20 f i ObjMeshDX.obj
 0001:00008f50       ??$construct@UD3DXVECTOR2@@U1@@?$_Wrap_alloc@V?$allocator@UD3DXVECTOR2@@@std@@@std@@QAEXPAUD3DXVECTOR2@@$$QAU2@@Z 00409f50 f i ObjMeshDX.obj
 0001:00008f80       ??$construct@UD3DXVECTOR2@@U1@@?$allocator@UD3DXVECTOR2@@@std@@QAEXPAUD3DXVECTOR2@@$$QAU2@@Z 00409f80 f i ObjMeshDX.obj
 0001:00009010       ??$construct@UD3DXVECTOR2@@U1@@?$allocator_traits@V?$allocator@UD3DXVECTOR2@@@std@@@std@@SAXAAV?$allocator@UD3DXVECTOR2@@@1@PAUD3DXVECTOR2@@$$QAU3@@Z 0040a010 f i ObjMeshDX.obj
 0001:00009030       ??$construct@UD3DXVECTOR3@@$$$V@?$allocator_traits@V?$allocator@UD3DXVECTOR3@@@std@@@std@@SAXAAV?$allocator@UD3DXVECTOR3@@@1@PAUD3DXVECTOR3@@@Z 0040a030 f i ObjMeshDX.obj
 0001:00009050       ??$construct@UD3DXVECTOR3@@U1@@?$_Wrap_alloc@V?$allocator@UD3DXVECTOR3@@@std@@@std@@QAEXPAUD3DXVECTOR3@@$$QAU2@@Z 0040a050 f i ObjMeshDX.obj
 0001:00009080       ??$construct@UD3DXVECTOR3@@U1@@?$allocator@UD3DXVECTOR3@@@std@@QAEXPAUD3DXVECTOR3@@$$QAU2@@Z 0040a080 f i ObjMeshDX.obj
 0001:00009120       ??$construct@UD3DXVECTOR3@@U1@@?$allocator_traits@V?$allocator@UD3DXVECTOR3@@@std@@@std@@SAXAAV?$allocator@UD3DXVECTOR3@@@1@PAUD3DXVECTOR3@@$$QAU3@@Z 0040a120 f i ObjMeshDX.obj
 0001:00009140       ??$construct@UMeshFace@@U1@@?$allocator@UMeshFace@@@std@@QAEXPAUMeshFace@@$$QAU2@@Z 0040a140 f i ObjMeshDX.obj
 0001:00009140       ??$construct@UMeshFace@@AAU1@@?$allocator@UMeshFace@@@std@@QAEXPAUMeshFace@@AAU2@@Z 0040a140 f i ObjMeshDX.obj
 0001:000091e0       ??$construct@UMeshFace@@AAU1@@?$allocator_traits@V?$allocator@UMeshFace@@@std@@@std@@SAXAAV?$allocator@UMeshFace@@@1@PAUMeshFace@@AAU3@@Z 0040a1e0 f i ObjMeshDX.obj
 0001:000091e0       ??$construct@UMeshFace@@U1@@?$allocator_traits@V?$allocator@UMeshFace@@@std@@@std@@SAXAAV?$allocator@UMeshFace@@@1@PAUMeshFace@@$$QAU3@@Z 0040a1e0 f i ObjMeshDX.obj
 0001:00009200       ??$construct@UMeshFace@@ABU1@@?$_Wrap_alloc@V?$allocator@UMeshFace@@@std@@@std@@QAEXPAUMeshFace@@ABU2@@Z 0040a200 f i ObjMeshDX.obj
 0001:00009230       ??$construct@UMeshFace@@ABU1@@?$allocator_traits@V?$allocator@UMeshFace@@@std@@@std@@SAXAAV?$allocator@UMeshFace@@@1@PAUMeshFace@@ABU3@@Z 0040a230 f i ObjMeshDX.obj
 0001:00009250       ??$construct@UMeshFace@@U1@@?$_Wrap_alloc@V?$allocator@UMeshFace@@@std@@@std@@QAEXPAUMeshFace@@$$QAU2@@Z 0040a250 f i ObjMeshDX.obj
 0001:00009250       ??$construct@UMeshFace@@AAU1@@?$_Wrap_alloc@V?$allocator@UMeshFace@@@std@@@std@@QAEXPAUMeshFace@@AAU2@@Z 0040a250 f i ObjMeshDX.obj
 0001:00009280       ??$construct@UMeshVertex@@ABU1@@?$_Wrap_alloc@V?$allocator@UMeshVertex@@@std@@@std@@QAEXPAUMeshVertex@@ABU2@@Z 0040a280 f i ObjMeshDX.obj
 0001:000092b0       ??$construct@UMeshVertex@@ABU1@@?$allocator_traits@V?$allocator@UMeshVertex@@@std@@@std@@SAXAAV?$allocator@UMeshVertex@@@1@PAUMeshVertex@@ABU3@@Z 0040a2b0 f i ObjMeshDX.obj
 0001:000092d0       ??$construct@UMeshVertex@@AAU1@@?$_Wrap_alloc@V?$allocator@UMeshVertex@@@std@@@std@@QAEXPAUMeshVertex@@AAU2@@Z 0040a2d0 f i ObjMeshDX.obj
 0001:000092d0       ??$construct@UMeshVertex@@U1@@?$_Wrap_alloc@V?$allocator@UMeshVertex@@@std@@@std@@QAEXPAUMeshVertex@@$$QAU2@@Z 0040a2d0 f i ObjMeshDX.obj
 0001:00009300       ??$construct@UMeshVertex@@U1@@?$allocator@UMeshVertex@@@std@@QAEXPAUMeshVertex@@$$QAU2@@Z 0040a300 f i ObjMeshDX.obj
 0001:00009300       ??$construct@UMeshVertex@@AAU1@@?$allocator@UMeshVertex@@@std@@QAEXPAUMeshVertex@@AAU2@@Z 0040a300 f i ObjMeshDX.obj
 0001:00009390       ??$construct@UMeshVertex@@U1@@?$allocator_traits@V?$allocator@UMeshVertex@@@std@@@std@@SAXAAV?$allocator@UMeshVertex@@@1@PAUMeshVertex@@$$QAU3@@Z 0040a390 f i ObjMeshDX.obj
 0001:00009390       ??$construct@UMeshVertex@@AAU1@@?$allocator_traits@V?$allocator@UMeshVertex@@@std@@@std@@SAXAAV?$allocator@UMeshVertex@@@1@PAUMeshVertex@@AAU3@@Z 0040a390 f i ObjMeshDX.obj
 0001:000093b0       ??$construct@UVertexFace@?3??ComputeVertexNormals@ObjMeshDX@@AAEXXZ@$$$V@?$allocator_traits@V?$allocator@UVertexFace@?3??ComputeVertexNormals@ObjMeshDX@@AAEXXZ@@std@@@std@@SAXAAV?$allocator@UVertexFace@?3??ComputeVertexNormals@ObjMeshDX@@AAEXXZ@@1@PAUVertexFace@?3??ComputeVertexNormals@ObjMeshDX@@AAEXXZ@@Z 0040a3b0 f i ObjMeshDX.obj
 0001:000093d0       ??$construct@UVertexFace@?3??ComputeVertexNormals@ObjMeshDX@@AAEXXZ@U1?3??23@AAEXXZ@@?$_Wrap_alloc@V?$allocator@UVertexFace@?3??ComputeVertexNormals@ObjMeshDX@@AAEXXZ@@std@@@std@@QAEXPAUVertexFace@?3??ComputeVertexNormals@ObjMeshDX@@AAEXXZ@$$QAU2?3??34@AAEXXZ@@Z 0040a3d0 f i ObjMeshDX.obj
 0001:00009400       ??$construct@UVertexFace@?3??ComputeVertexNormals@ObjMeshDX@@AAEXXZ@U1?3??23@AAEXXZ@@?$allocator@UVertexFace@?3??ComputeVertexNormals@ObjMeshDX@@AAEXXZ@@std@@QAEXPAUVertexFace@?3??ComputeVertexNormals@ObjMeshDX@@AAEXXZ@$$QAU2?3??34@AAEXXZ@@Z 0040a400 f i ObjMeshDX.obj
 0001:00009490       ??$construct@UVertexFace@?3??ComputeVertexNormals@ObjMeshDX@@AAEXXZ@U1?3??23@AAEXXZ@@?$allocator_traits@V?$allocator@UVertexFace@?3??ComputeVertexNormals@ObjMeshDX@@AAEXXZ@@std@@@std@@SAXAAV?$allocator@UVertexFace@?3??ComputeVertexNormals@ObjMeshDX@@AAEXXZ@@1@PAUVertexFace@?3??ComputeVertexNormals@ObjMeshDX@@AAEXXZ@$$QAU3?3??45@AAEXXZ@@Z 0040a490 f i ObjMeshDX.obj
 0001:000094b0       ??$destroy@PAD@?$allocator_traits@V?$allocator@D@std@@@std@@SAXAAV?$allocator@D@1@PAPAD@Z 0040a4b0 f i DeferredRenderer.obj
 0001:000094b0       ??$destroy@PAU?$_List_node@NPAX@std@@@?$allocator_traits@V?$allocator@U?$_List_node@NPAX@std@@@std@@@std@@SAXAAV?$allocator@U?$_List_node@NPAX@std@@@1@PAPAU?$_List_node@NPAX@1@@Z 0040a4b0 f i DeferredShadingMSAA.obj
 0001:000094b0       ??$destroy@UMeshFace@@@?$allocator_traits@V?$allocator@UMeshFace@@@std@@@std@@SAXAAV?$allocator@UMeshFace@@@1@PAUMeshFace@@@Z 0040a4b0 f i ObjMeshDX.obj
 0001:000094b0       ??$destroy@N@?$allocator_traits@V?$allocator@U?$_List_node@NPAX@std@@@std@@@std@@SAXAAV?$allocator@U?$_List_node@NPAX@std@@@1@PAN@Z 0040a4b0 f i DeferredShadingMSAA.obj
 0001:000094b0       ??$destroy@UMeshVertex@@@?$allocator_traits@V?$allocator@UMeshVertex@@@std@@@std@@SAXAAV?$allocator@UMeshVertex@@@1@PAUMeshVertex@@@Z 0040a4b0 f i ObjMeshDX.obj
 0001:000094b0       ??$destroy@PAU?$_List_node@PAVIVisualController@@PAX@std@@@?$allocator_traits@V?$allocator@U?$_List_node@PAVIVisualController@@PAX@std@@@std@@@std@@SAXAAV?$allocator@U?$_List_node@PAVIVisualController@@PAX@std@@@1@PAPAU?$_List_node@PAVIVisualController@@PAX@1@@Z 0040a4b0 f i DeferredShadingMSAA.obj
 0001:000094b0       ??$destroy@PA_W@?$allocator_traits@V?$allocator@_W@std@@@std@@SAXAAV?$allocator@_W@1@PAPA_W@Z 0040a4b0 f i DeferredShadingMSAA.obj
 0001:000094b0       ??$destroy@UD3DXVECTOR3@@@?$allocator_traits@V?$allocator@UD3DXVECTOR3@@@std@@@std@@SAXAAV?$allocator@UD3DXVECTOR3@@@1@PAUD3DXVECTOR3@@@Z 0040a4b0 f i ObjMeshDX.obj
 0001:000094b0       ??$destroy@UD3DXVECTOR2@@@?$allocator_traits@V?$allocator@UD3DXVECTOR2@@@std@@@std@@SAXAAV?$allocator@UD3DXVECTOR2@@@1@PAUD3DXVECTOR2@@@Z 0040a4b0 f i ObjMeshDX.obj
 0001:000094b0       ??$destroy@PAVIVisualController@@@?$allocator_traits@V?$allocator@U?$_List_node@PAVIVisualController@@PAX@std@@@std@@@std@@SAXAAV?$allocator@U?$_List_node@PAVIVisualController@@PAX@std@@@1@PAPAVIVisualController@@@Z 0040a4b0 f i DeferredShadingMSAA.obj
 0001:000094d0       ??$destroy@UVertexFace@?3??ComputeVertexNormals@ObjMeshDX@@AAEXXZ@@?$_Wrap_alloc@V?$allocator@UVertexFace@?3??ComputeVertexNormals@ObjMeshDX@@AAEXXZ@@std@@@std@@QAEXPAUVertexFace@?3??ComputeVertexNormals@ObjMeshDX@@AAEXXZ@@Z 0040a4d0 f i ObjMeshDX.obj
 0001:000094f0       ??$destroy@UVertexFace@?3??ComputeVertexNormals@ObjMeshDX@@AAEXXZ@@?$allocator@UVertexFace@?3??ComputeVertexNormals@ObjMeshDX@@AAEXXZ@@std@@QAEXPAUVertexFace@?3??ComputeVertexNormals@ObjMeshDX@@AAEXXZ@@Z 0040a4f0 f i ObjMeshDX.obj
 0001:00009510       ??$destroy@UVertexFace@?3??ComputeVertexNormals@ObjMeshDX@@AAEXXZ@@?$allocator_traits@V?$allocator@UVertexFace@?3??ComputeVertexNormals@ObjMeshDX@@AAEXXZ@@std@@@std@@SAXAAV?$allocator@UVertexFace@?3??ComputeVertexNormals@ObjMeshDX@@AAEXXZ@@1@PAUVertexFace@?3??ComputeVertexNormals@ObjMeshDX@@AAEXXZ@@Z 0040a510 f i ObjMeshDX.obj
 0001:00009530       ??$use_facet@V?$codecvt@_WDH@std@@@std@@YAABV?$codecvt@_WDH@0@ABVlocale@0@@Z 0040a530 f i ObjMeshDX.obj
 0001:00009630       ??$use_facet@V?$ctype@_W@std@@@std@@YAABV?$ctype@_W@0@ABVlocale@0@@Z 0040a630 f i ObjMeshDX.obj
 0001:00009730       ??0?$_String_const_iterator@V?$_String_val@U?$_Simple_types@D@std@@@std@@@std@@QAE@PBDPBU_Container_base0@1@@Z 0040a730 f i ObjMeshDX.obj
 0001:00009760       ??0?$_String_iterator@V?$_String_val@U?$_Simple_types@D@std@@@std@@@std@@QAE@PADPBU_Container_base0@1@@Z 0040a760 f i ObjMeshDX.obj
 0001:00009780       ??0?$_Vector_val@U?$_Simple_types@H@std@@@std@@QAE@XZ 0040a780 f i ObjMeshDX.obj
[...]
 0002:00002124       __ehfuncinfo$??0?$basic_ifstream@_WU?$char_traits@_W@std@@@std@@QAE@PB_WHH@Z 00419124     ObjMeshDX.obj
 0002:00002148       __unwindtable$??0?$basic_filebuf@_WU?$char_traits@_W@std@@@std@@QAE@PAU_iobuf@@@Z 00419148     ObjMeshDX.obj
 0002:00002150       __ehfuncinfo$??0?$basic_filebuf@_WU?$char_traits@_W@std@@@std@@QAE@PAU_iobuf@@@Z 00419150     ObjMeshDX.obj
 0002:00002174       __unwindtable$?open@?$basic_filebuf@_WU?$char_traits@_W@std@@@std@@QAEPAV12@PB_WHH@Z 00419174     ObjMeshDX.obj
 0002:0000217c       __ehfuncinfo$?open@?$basic_filebuf@_WU?$char_traits@_W@std@@@std@@QAEPAV12@PB_WHH@Z 0041917c     ObjMeshDX.obj
 0002:000021a0       __unwindtable$?overflow@?$basic_filebuf@_WU?$char_traits@_W@std@@@std@@MAEGG@Z 004191a0     ObjMeshDX.obj
 0002:000021a8       __ehfuncinfo$?overflow@?$basic_filebuf@_WU?$char_traits@_W@std@@@std@@MAEGG@Z 004191a8     ObjMeshDX.obj
 0002:000021cc       __unwindtable$?uflow@?$basic_filebuf@_WU?$char_traits@_W@std@@@std@@MAEGXZ 004191cc     ObjMeshDX.obj
 0002:000021d4       __ehfuncinfo$?uflow@?$basic_filebuf@_WU?$char_traits@_W@std@@@std@@MAEGXZ 004191d4     ObjMeshDX.obj
 0002:000021f8       __unwindtable$?_Endwrite@?$basic_filebuf@_WU?$char_traits@_W@std@@@std@@IAE_NXZ 004191f8     ObjMeshDX.obj
 0002:00002200       __ehfuncinfo$?_Endwrite@?$basic_filebuf@_WU?$char_traits@_W@std@@@std@@IAE_NXZ 00419200     ObjMeshDX.obj
 0002:00002224       __catchsym$??$?5_WU?$char_traits@_W@std@@@std@@YAAAV?$basic_istream@_WU?$char_traits@_W@std@@@0@AAV10@PA_W@Z$4 00419224     ObjMeshDX.obj
 0002:00002234       __tryblocktable$??$?5_WU?$char_traits@_W@std@@@std@@YAAAV?$basic_istream@_WU?$char_traits@_W@std@@@0@AAV10@PA_W@Z 00419234     ObjMeshDX.obj
 0002:00002248       __unwindtable$??$?5_WU?$char_traits@_W@std@@@std@@YAAAV?$basic_istream@_WU?$char_traits@_W@std@@@0@AAV10@PA_W@Z 00419248     ObjMeshDX.obj
 0002:00002268       __ehfuncinfo$??$?5_WU?$char_traits@_W@std@@@std@@YAAAV?$basic_istream@_WU?$char_traits@_W@std@@@0@AAV10@PA_W@Z 00419268     ObjMeshDX.obj
 0002:0000228c       __catchsym$??0?$vector@HV?$allocator@H@std@@@std@@QAE@ABV01@@Z$2 0041928c     ObjMeshDX.obj
 0002:0000229c       __unwindtable$??0?$vector@HV?$allocator@H@std@@@std@@QAE@ABV01@@Z 0041929c     ObjMeshDX.obj
 0002:000022ac       __tryblocktable$??0?$vector@HV?$allocator@H@std@@@std@@QAE@ABV01@@Z 004192ac     ObjMeshDX.obj
 0002:000022c0       __ehfuncinfo$??0?$vector@HV?$allocator@H@std@@@std@@QAE@ABV01@@Z 004192c0     ObjMeshDX.obj
 0002:000022e4       __catchsym$?resize@?$vector@UVertexFace@?3??ComputeVertexNormals@ObjMeshDX@@AAEXXZ@V?$allocator@UVertexFace@?3??ComputeVertexNormals@ObjMeshDX@@AAEXXZ@@std@@@std@@QAEXI@Z$2 004192e4     ObjMeshDX.obj
 0002:000022f4       __unwindtable$?resize@?$vector@UVertexFace@?3??ComputeVertexNormals@ObjMeshDX@@AAEXXZ@V?$allocator@UVertexFace@?3??ComputeVertexNormals@ObjMeshDX@@AAEXXZ@@std@@@std@@QAEXI@Z 004192f4     ObjMeshDX.obj
 0002:00002304       __tryblocktable$?resize@?$vector@UVertexFace@?3??ComputeVertexNormals@ObjMeshDX@@AAEXXZ@V?$allocator@UVertexFace@?3??ComputeVertexNormals@ObjMeshDX@@AAEXXZ@@std@@@std@@QAEXI@Z 00419304     ObjMeshDX.obj
 0002:00002318       __ehfuncinfo$?resize@?$vector@UVertexFace@?3??ComputeVertexNormals@ObjMeshDX@@AAEXXZ@V?$allocator@UVertexFace@?3??ComputeVertexNormals@ObjMeshDX@@AAEXXZ@@std@@@std@@QAEXI@Z 00419318     ObjMeshDX.obj
 0002:0000233c       __catchsym$?_Reallocate@?$vector@UVertexFace@?3??ComputeVertexNormals@ObjMeshDX@@AAEXXZ@V?$allocator@UVertexFace@?3??ComputeVertexNormals@ObjMeshDX@@AAEXXZ@@std@@@std@@IAEXI@Z$2 0041933c     ObjMeshDX.obj
 0002:0000234c       __unwindtable$?_Reallocate@?$vector@UVertexFace@?3??ComputeVertexNormals@ObjMeshDX@@AAEXXZ@V?$allocator@UVertexFace@?3??ComputeVertexNormals@ObjMeshDX@@AAEXXZ@@std@@@std@@IAEXI@Z 0041934c     ObjMeshDX.obj
 0002:0000235c       __tryblocktable$?_Reallocate@?$vector@UVertexFace@?3??ComputeVertexNormals@ObjMeshDX@@AAEXXZ@V?$allocator@UVertexFace@?3??ComputeVertexNormals@ObjMeshDX@@AAEXXZ@@std@@@std@@IAEXI@Z 0041935c     ObjMeshDX.obj
 0002:00002370       __ehfuncinfo$?_Reallocate@?$vector@UVertexFace@?3??ComputeVertexNormals@ObjMeshDX@@AAEXXZ@V?$allocator@UVertexFace@?3??ComputeVertexNormals@ObjMeshDX@@AAEXXZ@@std@@@std@@IAEXI@Z 00419370     ObjMeshDX.obj
 0002:00002394       __unwindtable$??$use_facet@V?$ctype@_W@std@@@std@@YAABV?$ctype@_W@0@ABVlocale@0@@Z 00419394     ObjMeshDX.obj
 0002:00002394       __unwindtable$??$use_facet@V?$codecvt@_WDH@std@@@std@@YAABV?$codecvt@_WDH@0@ABVlocale@0@@Z 00419394     ObjMeshDX.obj
 0002:0000239c       __ehfuncinfo$??$use_facet@V?$codecvt@_WDH@std@@@std@@YAABV?$codecvt@_WDH@0@ABVlocale@0@@Z 0041939c     ObjMeshDX.obj
 0002:0000239c       __ehfuncinfo$??$use_facet@V?$ctype@_W@std@@@std@@YAABV?$ctype@_W@0@ABVlocale@0@@Z 0041939c     ObjMeshDX.obj
 0002:000023c0       __catchsym$??$_Uninit_def_fill_n@PAUD3DXVECTOR3@@IV?$allocator@UD3DXVECTOR3@@@std@@U1@@std@@YAXPAUD3DXVECTOR3@@IAAU?$_Wrap_alloc@V?$allocator@UD3DXVECTOR3@@@std@@@0@0U_Nonscalar_ptr_iterator_tag@0@@Z$2 004193c0     ObjMeshDX.obj
 0002:000023d0       __unwindtable$??$_Uninit_def_fill_n@PAUD3DXVECTOR3@@IV?$allocator@UD3DXVECTOR3@@@std@@U1@@std@@YAXPAUD3DXVECTOR3@@IAAU?$_Wrap_alloc@V?$allocator@UD3DXVECTOR3@@@std@@@0@0U_Nonscalar_ptr_iterator_tag@0@@Z 004193d0     ObjMeshDX.obj
 0002:000023e0       __tryblocktable$??$_Uninit_def_fill_n@PAUD3DXVECTOR3@@IV?$allocator@UD3DXVECTOR3@@@std@@U1@@std@@YAXPAUD3DXVECTOR3@@IAAU?$_Wrap_alloc@V?$allocator@UD3DXVECTOR3@@@std@@@0@0U_Nonscalar_ptr_iterator_tag@0@@Z 004193e0     ObjMeshDX.obj
 0002:000023f4       __ehfuncinfo$??$_Uninit_def_fill_n@PAUD3DXVECTOR3@@IV?$allocator@UD3DXVECTOR3@@@std@@U1@@std@@YAXPAUD3DXVECTOR3@@IAAU?$_Wrap_alloc@V?$allocator@UD3DXVECTOR3@@@std@@@0@0U_Nonscalar_ptr_iterator_tag@0@@Z 004193f4     ObjMeshDX.obj
 0002:00002418       __catchsym$??$_Uninit_def_fill_n@PAUVertexFace@?3??ComputeVertexNormals@ObjMeshDX@@AAEXXZ@IV?$allocator@UVertexFace@?3??ComputeVertexNormals@ObjMeshDX@@AAEXXZ@@std@@U1?3??23@AAEXXZ@@std@@YAXPAUVertexFace@?3??ComputeVertexNormals@ObjMeshDX@@AAEXXZ@IAAU?$_Wrap_alloc@V?$allocator@UVertexFace@?3??ComputeVertexNormals@ObjMeshDX@@AAEXXZ@@std@@@0@0U_Nonscalar_ptr_iterator_tag@0@@Z$2 00419418     ObjMeshDX.obj
 0002:00002428       __unwindtable$??$_Uninit_def_fill_n@PAUVertexFace@?3??ComputeVertexNormals@ObjMeshDX@@AAEXXZ@IV?$allocator@UVertexFace@?3??ComputeVertexNormals@ObjMeshDX@@AAEXXZ@@std@@U1?3??23@AAEXXZ@@std@@YAXPAUVertexFace@?3??ComputeVertexNormals@ObjMeshDX@@AAEXXZ@IAAU?$_Wrap_alloc@V?$allocator@UVertexFace@?3??ComputeVertexNormals@ObjMeshDX@@AAEXXZ@@std@@@0@0U_Nonscalar_ptr_iterator_tag@0@@Z 00419428     ObjMeshDX.obj
 0002:00002438       __tryblocktable$??$_Uninit_def_fill_n@PAUVertexFace@?3??ComputeVertexNormals@ObjMeshDX@@AAEXXZ@IV?$allocator@UVertexFace@?3??ComputeVertexNormals@ObjMeshDX@@AAEXXZ@@std@@U1?3??23@AAEXXZ@@std@@YAXPAUVertexFace@?3??ComputeVertexNormals@ObjMeshDX@@AAEXXZ@IAAU?$_Wrap_alloc@V?$allocator@UVertexFace@?3??ComputeVertexNormals@ObjMeshDX@@AAEXXZ@@std@@@0@0U_Nonscalar_ptr_iterator_tag@0@@Z 00419438     ObjMeshDX.obj
 0002:0000244c       __ehfuncinfo$??$_Uninit_def_fill_n@PAUVertexFace@?3??ComputeVertexNormals@ObjMeshDX@@AAEXXZ@IV?$allocator@UVertexFace@?3??ComputeVertexNormals@ObjMeshDX@@AAEXXZ@@std@@U1?3??23@AAEXXZ@@std@@YAXPAUVertexFace@?3??ComputeVertexNormals@ObjMeshDX@@AAEXXZ@IAAU?$_Wrap_alloc@V?$allocator@UVertexFace@?3??ComputeVertexNormals@ObjMeshDX@@AAEXXZ@@std@@@0@0U_Nonscalar_ptr_iterator_tag@0@@Z 0041944c     ObjMeshDX.obj
 0002:00002470       __catchsym$??$_Uninit_move@PAUMeshVertex@@PAU1@V?$allocator@UMeshVertex@@@std@@U1@@std@@YAPAUMeshVertex@@PAU1@00AAU?$_Wrap_alloc@V?$allocator@UMeshVertex@@@std@@@0@0U_Nonscalar_ptr_iterator_tag@0@@Z$2 00419470     ObjMeshDX.obj
 0002:00002480       __unwindtable$??$_Uninit_move@PAUMeshVertex@@PAU1@V?$allocator@UMeshVertex@@@std@@U1@@std@@YAPAUMeshVertex@@PAU1@00AAU?$_Wrap_alloc@V?$allocator@UMeshVertex@@@std@@@0@0U_Nonscalar_ptr_iterator_tag@0@@Z 00419480     ObjMeshDX.obj
 0002:00002490       __tryblocktable$??$_Uninit_move@PAUMeshVertex@@PAU1@V?$allocator@UMeshVertex@@@std@@U1@@std@@YAPAUMeshVertex@@PAU1@00AAU?$_Wrap_alloc@V?$allocator@UMeshVertex@@@std@@@0@0U_Nonscalar_ptr_iterator_tag@0@@Z 00419490     ObjMeshDX.obj
 0002:000024a4       __ehfuncinfo$??$_Uninit_move@PAUMeshVertex@@PAU1@V?$allocator@UMeshVertex@@@std@@U1@@std@@YAPAUMeshVertex@@PAU1@00AAU?$_Wrap_alloc@V?$allocator@UMeshVertex@@@std@@@0@0U_Nonscalar_ptr_iterator_tag@0@@Z 004194a4     ObjMeshDX.obj
 0002:000024c8       __catchsym$??$_Uninit_move@PAUMeshFace@@PAU1@V?$allocator@UMeshFace@@@std@@U1@@std@@YAPAUMeshFace@@PAU1@00AAU?$_Wrap_alloc@V?$allocator@UMeshFace@@@std@@@0@0U_Nonscalar_ptr_iterator_tag@0@@Z$2 004194c8     ObjMeshDX.obj
 0002:000024d8       __unwindtable$??$_Uninit_move@PAUMeshFace@@PAU1@V?$allocator@UMeshFace@@@std@@U1@@std@@YAPAUMeshFace@@PAU1@00AAU?$_Wrap_alloc@V?$allocator@UMeshFace@@@std@@@0@0U_Nonscalar_ptr_iterator_tag@0@@Z 004194d8     ObjMeshDX.obj
 0002:000024e8       __tryblocktable$??$_Uninit_move@PAUMeshFace@@PAU1@V?$allocator@UMeshFace@@@std@@U1@@std@@YAPAUMeshFace@@PAU1@00AAU?$_Wrap_alloc@V?$allocator@UMeshFace@@@std@@@0@0U_Nonscalar_ptr_iterator_tag@0@@Z 004194e8     ObjMeshDX.obj
 0002:000024fc       __ehfuncinfo$??$_Uninit_move@PAUMeshFace@@PAU1@V?$allocator@UMeshFace@@@std@@U1@@std@@YAPAUMeshFace@@PAU1@00AAU?$_Wrap_alloc@V?$allocator@UMeshFace@@@std@@@0@0U_Nonscalar_ptr_iterator_tag@0@@Z 004194fc     ObjMeshDX.obj
 0002:00002520       __catchsym$??$_Uninit_move@PAUD3DXVECTOR3@@PAU1@V?$allocator@UD3DXVECTOR3@@@std@@U1@@std@@YAPAUD3DXVECTOR3@@PAU1@00AAU?$_Wrap_alloc@V?$allocator@UD3DXVECTOR3@@@std@@@0@0U_Nonscalar_ptr_iterator_tag@0@@Z$2 00419520     ObjMeshDX.obj
 0002:00002530       __unwindtable$??$_Uninit_move@PAUD3DXVECTOR3@@PAU1@V?$allocator@UD3DXVECTOR3@@@std@@U1@@std@@YAPAUD3DXVECTOR3@@PAU1@00AAU?$_Wrap_alloc@V?$allocator@UD3DXVECTOR3@@@std@@@0@0U_Nonscalar_ptr_iterator_tag@0@@Z 00419530     ObjMeshDX.obj
 0002:00002540       __tryblocktable$??$_Uninit_move@PAUD3DXVECTOR3@@PAU1@V?$allocator@UD3DXVECTOR3@@@std@@U1@@std@@YAPAUD3DXVECTOR3@@PAU1@00AAU?$_Wrap_alloc@V?$allocator@UD3DXVECTOR3@@@std@@@0@0U_Nonscalar_ptr_iterator_tag@0@@Z 00419540     ObjMeshDX.obj
 0002:00002554       __ehfuncinfo$??$_Uninit_move@PAUD3DXVECTOR3@@PAU1@V?$allocator@UD3DXVECTOR3@@@std@@U1@@std@@YAPAUD3DXVECTOR3@@PAU1@00AAU?$_Wrap_alloc@V?$allocator@UD3DXVECTOR3@@@std@@@0@0U_Nonscalar_ptr_iterator_tag@0@@Z 00419554     ObjMeshDX.obj
 0002:00002578       __catchsym$??$_Uninit_move@PAUD3DXVECTOR2@@PAU1@V?$allocator@UD3DXVECTOR2@@@std@@U1@@std@@YAPAUD3DXVECTOR2@@PAU1@00AAU?$_Wrap_alloc@V?$allocator@UD3DXVECTOR2@@@std@@@0@0U_Nonscalar_ptr_iterator_tag@0@@Z$2 00419578     ObjMeshDX.obj
 0002:00002588       __unwindtable$??$_Uninit_move@PAUD3DXVECTOR2@@PAU1@V?$allocator@UD3DXVECTOR2@@@std@@U1@@std@@YAPAUD3DXVECTOR2@@PAU1@00AAU?$_Wrap_alloc@V?$allocator@UD3DXVECTOR2@@@std@@@0@0U_Nonscalar_ptr_iterator_tag@0@@Z 00419588     ObjMeshDX.obj
 0002:00002598       __tryblocktable$??$_Uninit_move@PAUD3DXVECTOR2@@PAU1@V?$allocator@UD3DXVECTOR2@@@std@@U1@@std@@YAPAUD3DXVECTOR2@@PAU1@00AAU?$_Wrap_alloc@V?$allocator@UD3DXVECTOR2@@@std@@@0@0U_Nonscalar_ptr_iterator_tag@0@@Z 00419598     ObjMeshDX.obj
 0002:000025ac       __ehfuncinfo$??$_Uninit_move@PAUD3DXVECTOR2@@PAU1@V?$allocator@UD3DXVECTOR2@@@std@@U1@@std@@YAPAUD3DXVECTOR2@@PAU1@00AAU?$_Wrap_alloc@V?$allocator@UD3DXVECTOR2@@@std@@@0@0U_Nonscalar_ptr_iterator_tag@0@@Z 004195ac     ObjMeshDX.obj
 0002:000025d0       __catchsym$??$_Uninit_move@PAUVertexFace@?3??ComputeVertexNormals@ObjMeshDX@@AAEXXZ@PAU1?3??23@AAEXXZ@V?$allocator@UVertexFace@?3??ComputeVertexNormals@ObjMeshDX@@AAEXXZ@@std@@U1?3??23@AAEXXZ@@std@@YAPAUVertexFace@?3??ComputeVertexNormals@ObjMeshDX@@AAEXXZ@PAU1?3??23@AAEXXZ@00AAU?$_Wrap_alloc@V?$allocator@UVertexFace@?3??ComputeVertexNormals@ObjMeshDX@@AAEXXZ@@std@@@0@0U_Nonscalar_ptr_iterator_tag@0@@Z$2 004195d0     ObjMeshDX.obj
 0002:000025e0       __unwindtable$??$_Uninit_move@PAUVertexFace@?3??ComputeVertexNormals@ObjMeshDX@@AAEXXZ@PAU1?3??23@AAEXXZ@V?$allocator@UVertexFace@?3??ComputeVertexNormals@ObjMeshDX@@AAEXXZ@@std@@U1?3??23@AAEXXZ@@std@@YAPAUVertexFace@?3??ComputeVertexNormals@ObjMeshDX@@AAEXXZ@PAU1?3??23@AAEXXZ@00AAU?$_Wrap_alloc@V?$allocator@UVertexFace@?3??ComputeVertexNormals@ObjMeshDX@@AAEXXZ@@std@@@0@0U_Nonscalar_ptr_iterator_tag@0@@Z 004195e0     ObjMeshDX.obj
 0002:000025f0       __tryblocktable$??$_Uninit_move@PAUVertexFace@?3??ComputeVertexNormals@ObjMeshDX@@AAEXXZ@PAU1?3??23@AAEXXZ@V?$allocator@UVertexFace@?3??ComputeVertexNormals@ObjMeshDX@@AAEXXZ@@std@@U1?3??23@AAEXXZ@@std@@YAPAUVertexFace@?3??ComputeVertexNormals@ObjMeshDX@@AAEXXZ@PAU1?3??23@AAEXXZ@00AAU?$_Wrap_alloc@V?$allocator@UVertexFace@?3??ComputeVertexNormals@ObjMeshDX@@AAEXXZ@@std@@@0@0U_Nonscalar_ptr_iterator_tag@0@@Z 004195f0     ObjMeshDX.obj
 0002:00002604       __ehfuncinfo$??$_Uninit_move@PAUVertexFace@?3??ComputeVertexNormals@ObjMeshDX@@AAEXXZ@PAU1?3??23@AAEXXZ@V?$allocator@UVertexFace@?3??ComputeVertexNormals@ObjMeshDX@@AAEXXZ@@std@@U1?3??23@AAEXXZ@@std@@YAPAUVertexFace@?3??ComputeVertexNormals@ObjMeshDX@@AAEXXZ@PAU1?3??23@AAEXXZ@00AAU?$_Wrap_alloc@V?$allocator@UVertexFace@?3??ComputeVertexNormals@ObjMeshDX@@AAEXXZ@@std@@@0@0U_Nonscalar_ptr_iterator_tag@0@@Z 00419604     ObjMeshDX.obj
 0002:00002628       __unwindtable$??$construct@UMeshVertex@@AAU1@@?$allocator@UMeshVertex@@@std@@QAEXPAUMeshVertex@@AAU2@@Z 00419628     ObjMeshDX.obj
 0002:00002628       __unwindtable$??$construct@UMeshVertex@@U1@@?$allocator@UMeshVertex@@@std@@QAEXPAUMeshVertex@@$$QAU2@@Z 00419628     ObjMeshDX.obj
 0002:00002630       __ehfuncinfo$??$construct@UMeshVertex@@AAU1@@?$allocator@UMeshVertex@@@std@@QAEXPAUMeshVertex@@AAU2@@Z 00419630     ObjMeshDX.obj
 0002:00002630       __ehfuncinfo$??$construct@UMeshVertex@@U1@@?$allocator@UMeshVertex@@@std@@QAEXPAUMeshVertex@@$$QAU2@@Z 00419630     ObjMeshDX.obj
 0002:000026a8       __catchsym$??$_Buynode@ABQAVIVisualController@@@?$_List_buy@PAVIVisualController@@V?$allocator@PAVIVisualController@@@std@@@std@@QAEPAU?$_List_node@PAVIVisualController@@PAX@1@PAU21@0ABQAVIVisualController@@@Z$2 004196a8     nvidiautilsDEBUG:DeviceManager.obj
 0002:000026b8       __unwindtable$??$_Buynode@ABQAVIVisualController@@@?$_List_buy@PAVIVisualController@@V?$allocator@PAVIVisualController@@@std@@@std@@QAEPAU?$_List_node@PAVIVisualController@@PAX@1@PAU21@0ABQAVIVisualController@@@Z 004196b8     nvidiautilsDEBUG:DeviceManager.obj
 0002:000026c8       __tryblocktable$??$_Buynode@ABQAVIVisualController@@@?$_List_buy@PAVIVisualController@@V?$allocator@PAVIVisualController@@@std@@@std@@QAEPAU?$_List_node@PAVIVisualController@@PAX@1@PAU21@0ABQAVIVisualController@@@Z 004196c8     nvidiautilsDEBUG:DeviceManager.obj
 0002:000026dc       __ehfuncinfo$??$_Buynode@ABQAVIVisualController@@@?$_List_buy@PAVIVisualController@@V?$allocator@PAVIVisualController@@@std@@@std@@QAEPAU?$_List_node@PAVIVisualController@@PAX@1@PAU21@0ABQAVIVisualController@@@Z 004196dc     nvidiautilsDEBUG:DeviceManager.obj
 0002:00002700       __catchsym$??$_Buynode@ABN@?$_List_buy@NV?$allocator@N@std@@@std@@QAEPAU?$_List_node@NPAX@1@PAU21@0ABN@Z$2 00419700     nvidiautilsDEBUG:DeviceManager.obj
 0002:00002710       __unwindtable$??$_Buynode@ABN@?$_List_buy@NV?$allocator@N@std@@@std@@QAEPAU?$_List_node@NPAX@1@PAU21@0ABN@Z 00419710     nvidiautilsDEBUG:DeviceManager.obj
 0002:00002720       __tryblocktable$??$_Buynode@ABN@?$_List_buy@NV?$allocator@N@std@@@std@@QAEPAU?$_List_node@NPAX@1@PAU21@0ABN@Z 00419720     nvidiautilsDEBUG:DeviceManager.obj
 0002:00002734       __ehfuncinfo$??$_Buynode@ABN@?$_List_buy@NV?$allocator@N@std@@@std@@QAEPAU?$_List_node@NPAX@1@PAU21@0ABN@Z 00419734     nvidiautilsDEBUG:DeviceManager.obj
 0002:00002758       __unwindtable$?_Facet_Register@std@@YAXPAV_Facet_base@1@@Z 00419758     msvcprtd:locale0_implib.obj
 0002:00002760       __ehfuncinfo$?_Facet_Register@std@@YAXPAV_Facet_base@1@@Z 00419760     msvcprtd:locale0_implib.obj
 0002:00002788       __sehtable$__onexit        00419788     MSVCRTD:atonexit.obj
 0002:000027a8       __sehtable$___tmainCRTStartup 004197a8     MSVCRTD:wcrtexew.obj
 0002:000027c8       __sehtable$??_M@YGXPAXIHP6EX0@Z@Z 004197c8     MSVCRTD:ehvecdtr.obj
 0002:000027e8       __sehtable$?__ArrayUnwind@@YGXPAXIHP6EX0@Z@Z 004197e8     MSVCRTD:ehvecdtr.obj
 0002:00002808       __sehtable$__IsNonwritableInCurrentImage 00419808     MSVCRTD:pesect.obj
 0002:00002caa       .idata$6                   00419caa     d3dx11:d3dx11_43.dll
 0002:00002d20       .idata$6                   00419d20     d3dx9:d3dx9_43.dll
 0002:00002d44       .idata$6                   00419d44     kernel32:KERNEL32.dll
 0002:00002d6e       .idata$6                   00419d6e     user32:USER32.dll
 0002:000039de       .idata$6                   0041a9de     msvcprtd:MSVCP120D.dll
 0002:00003b40       .idata$6                   0041ab40     AntTweakBar:AntTweakBar.dll
 0002:00003d54       .idata$6                   0041ad54     MSVCRTD:MSVCR120D.dll
 0002:00003f9a       .idata$6                   0041af9a     vld:vld_x86.dll
 0002:00003fa6       .idata$6                   0041afa6     xinput:XINPUT1_3.dll
 0002:00003fd4       .idata$6                   0041afd4     d3d11:d3d11.dll
 0003:00000000       _g_bRenderHUD              0041c000     DeferredShadingMSAA.obj
 0003:00000001       _g_bAdaptiveShading        0041c001     DeferredShadingMSAA.obj
 0003:00000002       _g_bSeperateComplexPass    0041c002     DeferredShadingMSAA.obj
 0003:00000004       _g_fCameraClipNear         0041c004     DeferredShadingMSAA.obj
 0003:00000008       _g_fCameraClipFar          0041c008     DeferredShadingMSAA.obj
 0003:00000010       _g_bBRDF                   0041c010     DeferredShadingMSAA.obj
 0003:00000388       _allocator_arg             0041c388     DeferredRenderer.obj
 0003:00000389       _piecewise_construct       0041c389     DeferredRenderer.obj
 0003:000003a4       _g_bDrawComplexPixels      0041c3a4     DeferredShadingMSAA.obj
 0003:000003a5       _g_bUsePerSamplePixelShader 0041c3a5     DeferredShadingMSAA.obj
 0003:000003a6       _allocator_arg             0041c3a6     DeferredShadingMSAA.obj
 0003:000003a7       _piecewise_construct       0041c3a7     DeferredShadingMSAA.obj
 0003:00000570       _allocator_arg             0041c570     ObjMeshDX.obj
 0003:00000571       _piecewise_construct       0041c571     ObjMeshDX.obj
 0003:00000584       _allocator_arg             0041c584     nvidiautilsDEBUG:DeviceManager.obj
 0003:00000585       _piecewise_construct       0041c585     nvidiautilsDEBUG:DeviceManager.obj
 0003:00000588       __Fac_head                 0041c588     msvcprtd:locale0_implib.obj
 0003:0000058c       _allocator_arg             0041c58c     msvcprtd:locale0_implib.obj
 0003:0000058d       _piecewise_construct       0041c58d     msvcprtd:locale0_implib.obj
 0003:0000058e       __Fac_tidy_reg             0041c58e     msvcprtd:locale0_implib.obj
 0003:00000590       _has_cctor                 0041c590     MSVCRTD:wcrtexew.obj
 0003:00000594       _mainret                   0041c594     MSVCRTD:wcrtexew.obj
 0003:00000598       _managedapp                0041c598     MSVCRTD:wcrtexew.obj
 0003:0000059c       _argc                      0041c59c     MSVCRTD:wcrtexew.obj
 0003:000005a0       _argv                      0041c5a0     MSVCRTD:wcrtexew.obj
 0003:000005a4       _envp                      0041c5a4     MSVCRTD:wcrtexew.obj
 0003:000005a8       _argret                    0041c5a8     MSVCRTD:wcrtexew.obj
 0003:000005ac       _startinfo                 0041c5ac     MSVCRTD:wcrtexew.obj
 0003:000005b0       _GS_ExceptionRecord        0041c5b0     MSVCRTD:gs_report.obj
 0003:00000600       _GS_ContextRecord          0041c600     MSVCRTD:gs_report.obj
 0003:000008cc       _DebuggerWasPresent        0041c8cc     MSVCRTD:gs_report.obj
